Component: ARM Compiler 5.06 update 2 (build 183) Tool: armlink [4d35b7]

==============================================================================

Section Cross References

    main.o(i.System_Init) refers to io.o(i.Port_Init) for Port_Init
    main.o(i.System_Init) refers to timer.o(i.TIM3_Config) for TIM3_Config
    main.o(i.System_Init) refers to io.o(i.vLed_Init) for vLed_Init
    main.o(i.System_Init) refers to uart.o(i.UART_TTL_Init) for UART_TTL_Init
    main.o(i.System_Init) refers to uart.o(i.RS485_Init) for RS485_Init
    main.o(i.System_Init) refers to rc522.o(i.RC522_Init) for RC522_Init
    main.o(i.main) refers to system_stm32f0xx.o(i.SystemInit) for SystemInit
    main.o(i.main) refers to main.o(i.System_Init) for System_Init
    main.o(i.main) refers to uart.o(i.UART_TTL_SendString) for UART_TTL_SendString
    main.o(i.main) refers to nrf24l01.o(i.nNrfInit) for nNrfInit
    main.o(i.main) refers to devcfg.o(i.nDevCfgLoadCfgParaFromFlash) for nDevCfgLoadCfgParaFromFlash
    main.o(i.main) refers to rf125k.o(i.vSig125kInit) for vSig125kInit
    main.o(i.main) refers to rc522.o(i.FD_Card) for FD_Card
    main.o(i.main) refers to io.o(i.OSTimeDly) for OSTimeDly
    main.o(i.main) refers to main.o(.data) for Tx_Buffer
    stm32f0xx_flash.o(i.FLASH_EraseAllPages) refers to stm32f0xx_flash.o(i.FLASH_WaitForLastOperation) for FLASH_WaitForLastOperation
    stm32f0xx_flash.o(i.FLASH_ErasePage) refers to stm32f0xx_flash.o(i.FLASH_WaitForLastOperation) for FLASH_WaitForLastOperation
    stm32f0xx_flash.o(i.FLASH_OB_BOOT0Config) refers to stm32f0xx_flash.o(i.FLASH_WaitForLastOperation) for FLASH_WaitForLastOperation
    stm32f0xx_flash.o(i.FLASH_OB_BOOT0SWConfig) refers to stm32f0xx_flash.o(i.FLASH_WaitForLastOperation) for FLASH_WaitForLastOperation
    stm32f0xx_flash.o(i.FLASH_OB_BOOTConfig) refers to stm32f0xx_flash.o(i.FLASH_WaitForLastOperation) for FLASH_WaitForLastOperation
    stm32f0xx_flash.o(i.FLASH_OB_EnableWRP) refers to stm32f0xx_flash.o(i.FLASH_WaitForLastOperation) for FLASH_WaitForLastOperation
    stm32f0xx_flash.o(i.FLASH_OB_Erase) refers to stm32f0xx_flash.o(i.FLASH_OB_GetRDP) for FLASH_OB_GetRDP
    stm32f0xx_flash.o(i.FLASH_OB_Erase) refers to stm32f0xx_flash.o(i.FLASH_WaitForLastOperation) for FLASH_WaitForLastOperation
    stm32f0xx_flash.o(i.FLASH_OB_ProgramData) refers to stm32f0xx_flash.o(i.FLASH_WaitForLastOperation) for FLASH_WaitForLastOperation
    stm32f0xx_flash.o(i.FLASH_OB_RDPConfig) refers to stm32f0xx_flash.o(i.FLASH_WaitForLastOperation) for FLASH_WaitForLastOperation
    stm32f0xx_flash.o(i.FLASH_OB_SRAMParityConfig) refers to stm32f0xx_flash.o(i.FLASH_WaitForLastOperation) for FLASH_WaitForLastOperation
    stm32f0xx_flash.o(i.FLASH_OB_UserConfig) refers to stm32f0xx_flash.o(i.FLASH_WaitForLastOperation) for FLASH_WaitForLastOperation
    stm32f0xx_flash.o(i.FLASH_OB_VDDAConfig) refers to stm32f0xx_flash.o(i.FLASH_WaitForLastOperation) for FLASH_WaitForLastOperation
    stm32f0xx_flash.o(i.FLASH_OB_WriteUser) refers to stm32f0xx_flash.o(i.FLASH_WaitForLastOperation) for FLASH_WaitForLastOperation
    stm32f0xx_flash.o(i.FLASH_ProgramHalfWord) refers to stm32f0xx_flash.o(i.FLASH_WaitForLastOperation) for FLASH_WaitForLastOperation
    stm32f0xx_flash.o(i.FLASH_ProgramWord) refers to stm32f0xx_flash.o(i.FLASH_WaitForLastOperation) for FLASH_WaitForLastOperation
    stm32f0xx_flash.o(i.FLASH_WaitForLastOperation) refers to stm32f0xx_flash.o(i.FLASH_GetStatus) for FLASH_GetStatus
    stm32f0xx_gpio.o(i.GPIO_DeInit) refers to stm32f0xx_rcc.o(i.RCC_AHBPeriphResetCmd) for RCC_AHBPeriphResetCmd
    stm32f0xx_rcc.o(i.RCC_GetClocksFreq) refers to uidiv.o(.text) for __aeabi_uidivmod
    stm32f0xx_rcc.o(i.RCC_GetClocksFreq) refers to stm32f0xx_rcc.o(.data) for APBAHBPrescTable
    stm32f0xx_rcc.o(i.RCC_WaitForHSEStartUp) refers to stm32f0xx_rcc.o(i.RCC_GetFlagStatus) for RCC_GetFlagStatus
    stm32f0xx_spi.o(i.I2S_Init) refers to stm32f0xx_rcc.o(i.RCC_GetClocksFreq) for RCC_GetClocksFreq
    stm32f0xx_spi.o(i.I2S_Init) refers to uidiv.o(.text) for __aeabi_uidivmod
    stm32f0xx_spi.o(i.SPI_I2S_DeInit) refers to stm32f0xx_rcc.o(i.RCC_APB2PeriphResetCmd) for RCC_APB2PeriphResetCmd
    stm32f0xx_spi.o(i.SPI_I2S_DeInit) refers to stm32f0xx_rcc.o(i.RCC_APB1PeriphResetCmd) for RCC_APB1PeriphResetCmd
    stm32f0xx_tim.o(i.TIM_DeInit) refers to stm32f0xx_rcc.o(i.RCC_APB2PeriphResetCmd) for RCC_APB2PeriphResetCmd
    stm32f0xx_tim.o(i.TIM_DeInit) refers to stm32f0xx_rcc.o(i.RCC_APB1PeriphResetCmd) for RCC_APB1PeriphResetCmd
    stm32f0xx_tim.o(i.TIM_ETRClockMode1Config) refers to stm32f0xx_tim.o(i.TIM_ETRConfig) for TIM_ETRConfig
    stm32f0xx_tim.o(i.TIM_ETRClockMode2Config) refers to stm32f0xx_tim.o(i.TIM_ETRConfig) for TIM_ETRConfig
    stm32f0xx_tim.o(i.TIM_ICInit) refers to stm32f0xx_tim.o(i.TI1_Config) for TI1_Config
    stm32f0xx_tim.o(i.TIM_ICInit) refers to stm32f0xx_tim.o(i.TIM_SetIC1Prescaler) for TIM_SetIC1Prescaler
[...]
    Removing stm32f0xx_tim.o(i.TIM_GenerateEvent), (4 bytes).
    Removing stm32f0xx_tim.o(i.TIM_GetCapture1), (6 bytes).
    Removing stm32f0xx_tim.o(i.TIM_GetCapture2), (6 bytes).
    Removing stm32f0xx_tim.o(i.TIM_GetCapture3), (6 bytes).
    Removing stm32f0xx_tim.o(i.TIM_GetCapture4), (6 bytes).
    Removing stm32f0xx_tim.o(i.TIM_GetCounter), (6 bytes).
    Removing stm32f0xx_tim.o(i.TIM_GetFlagStatus), (20 bytes).
    Removing stm32f0xx_tim.o(i.TIM_GetPrescaler), (6 bytes).
    Removing stm32f0xx_tim.o(i.TIM_ICInit), (112 bytes).
    Removing stm32f0xx_tim.o(i.TIM_ICStructInit), (18 bytes).
    Removing stm32f0xx_tim.o(i.TIM_ITRxExternalClockConfig), (24 bytes).
    Removing stm32f0xx_tim.o(i.TIM_InternalClockConfig), (16 bytes).
    Removing stm32f0xx_tim.o(i.TIM_OC1FastConfig), (24 bytes).
    Removing stm32f0xx_tim.o(i.TIM_OC1NPolarityConfig), (24 bytes).
    Removing stm32f0xx_tim.o(i.TIM_OC1PolarityConfig), (24 bytes).
    Removing stm32f0xx_tim.o(i.TIM_OC1PreloadConfig), (24 bytes).
    Removing stm32f0xx_tim.o(i.TIM_OC2FastConfig), (24 bytes).
    Removing stm32f0xx_tim.o(i.TIM_OC2Init), (172 bytes).
    Removing stm32f0xx_tim.o(i.TIM_OC2NPolarityConfig), (24 bytes).
    Removing stm32f0xx_tim.o(i.TIM_OC2PolarityConfig), (24 bytes).
    Removing stm32f0xx_tim.o(i.TIM_OC2PreloadConfig), (24 bytes).
    Removing stm32f0xx_tim.o(i.TIM_OC3FastConfig), (24 bytes).
    Removing stm32f0xx_tim.o(i.TIM_OC3Init), (152 bytes).
    Removing stm32f0xx_tim.o(i.TIM_OC3NPolarityConfig), (24 bytes).
    Removing stm32f0xx_tim.o(i.TIM_OC3PolarityConfig), (24 bytes).
    Removing stm32f0xx_tim.o(i.TIM_OC3PreloadConfig), (24 bytes).
    Removing stm32f0xx_tim.o(i.TIM_OC4FastConfig), (24 bytes).
    Removing stm32f0xx_tim.o(i.TIM_OC4Init), (112 bytes).
    Removing stm32f0xx_tim.o(i.TIM_OC4PolarityConfig), (24 bytes).
    Removing stm32f0xx_tim.o(i.TIM_OC4PreloadConfig), (24 bytes).
    Removing stm32f0xx_tim.o(i.TIM_OCStructInit), (20 bytes).
    Removing stm32f0xx_tim.o(i.TIM_PWMIConfig), (124 bytes).
    Removing stm32f0xx_tim.o(i.TIM_PrescalerConfig), (6 bytes).
    Removing stm32f0xx_tim.o(i.TIM_RemapConfig), (6 bytes).
    Removing stm32f0xx_tim.o(i.TIM_SelectCCDMA), (28 bytes).
    Removing stm32f0xx_tim.o(i.TIM_SelectCOM), (28 bytes).
    Removing stm32f0xx_tim.o(i.TIM_SelectHallSensor), (28 bytes).
    Removing stm32f0xx_tim.o(i.TIM_SelectInputTrigger), (24 bytes).
    Removing stm32f0xx_tim.o(i.TIM_SelectMasterSlaveMode), (20 bytes).
    Removing stm32f0xx_tim.o(i.TIM_SelectOCREFClear), (20 bytes).
    Removing stm32f0xx_tim.o(i.TIM_SelectOCxM), (82 bytes).
    Removing stm32f0xx_tim.o(i.TIM_SelectOnePulseMode), (20 bytes).
    Removing stm32f0xx_tim.o(i.TIM_SelectOutputTrigger), (20 bytes).
    Removing stm32f0xx_tim.o(i.TIM_SelectSlaveMode), (20 bytes).
    Removing stm32f0xx_tim.o(i.TIM_SetAutoreload), (4 bytes).
    Removing stm32f0xx_tim.o(i.TIM_SetClockDivision), (20 bytes).
    Removing stm32f0xx_tim.o(i.TIM_SetCompare1), (4 bytes).
    Removing stm32f0xx_tim.o(i.TIM_SetCompare2), (4 bytes).
    Removing stm32f0xx_tim.o(i.TIM_SetCompare3), (4 bytes).
    Removing stm32f0xx_tim.o(i.TIM_SetCompare4), (4 bytes).
    Removing stm32f0xx_tim.o(i.TIM_SetCounter), (4 bytes).
    Removing stm32f0xx_tim.o(i.TIM_SetIC1Prescaler), (20 bytes).
    Removing stm32f0xx_tim.o(i.TIM_SetIC2Prescaler), (24 bytes).
    Removing stm32f0xx_tim.o(i.TIM_SetIC3Prescaler), (20 bytes).
    Removing stm32f0xx_tim.o(i.TIM_SetIC4Prescaler), (24 bytes).
    Removing stm32f0xx_tim.o(i.TIM_TIxExternalClockConfig), (58 bytes).
    Removing stm32f0xx_tim.o(i.TIM_TimeBaseStructInit), (18 bytes).
    Removing stm32f0xx_tim.o(i.TIM_UpdateDisableConfig), (28 bytes).
    Removing stm32f0xx_tim.o(i.TIM_UpdateRequestConfig), (28 bytes).
    Removing stm32f0xx_usart.o(.rev16_text), (4 bytes).
    Removing stm32f0xx_usart.o(.revsh_text), (4 bytes).
    Removing stm32f0xx_usart.o(i.USART_AddressDetectionConfig), (16 bytes).
    Removing stm32f0xx_usart.o(i.USART_AutoBaudRateCmd), (28 bytes).
    Removing stm32f0xx_usart.o(i.USART_AutoBaudRateConfig), (18 bytes).
    Removing stm32f0xx_usart.o(i.USART_ClearFlag), (4 bytes).
    Removing stm32f0xx_usart.o(i.USART_ClearITPendingBit), (18 bytes).
    Removing stm32f0xx_usart.o(i.USART_ClockInit), (36 bytes).
    Removing stm32f0xx_usart.o(i.USART_ClockStructInit), (12 bytes).
    Removing stm32f0xx_usart.o(i.USART_DECmd), (28 bytes).
    Removing stm32f0xx_usart.o(i.USART_DEPolarityConfig), (18 bytes).
    Removing stm32f0xx_usart.o(i.USART_DMACmd), (20 bytes).
    Removing stm32f0xx_usart.o(i.USART_DMAReceptionErrorConfig), (18 bytes).
    Removing stm32f0xx_usart.o(i.USART_DataInvCmd), (28 bytes).
    Removing stm32f0xx_usart.o(i.USART_DeInit), (240 bytes).
    Removing stm32f0xx_usart.o(i.USART_DirectionModeCmd), (20 bytes).
    Removing stm32f0xx_usart.o(i.USART_HalfDuplexCmd), (24 bytes).
    Removing stm32f0xx_usart.o(i.USART_InvPinCmd), (20 bytes).
    Removing stm32f0xx_usart.o(i.USART_IrDACmd), (24 bytes).
    Removing stm32f0xx_usart.o(i.USART_IrDAConfig), (16 bytes).
    Removing stm32f0xx_usart.o(i.USART_LINBreakDetectLengthConfig), (16 bytes).
    Removing stm32f0xx_usart.o(i.USART_LINCmd), (28 bytes).
    Removing stm32f0xx_usart.o(i.USART_MSBFirstCmd), (28 bytes).
    Removing stm32f0xx_usart.o(i.USART_MuteModeCmd), (28 bytes).
    Removing stm32f0xx_usart.o(i.USART_MuteModeWakeUpConfig), (18 bytes).
    Removing stm32f0xx_usart.o(i.USART_OneBitMethodCmd), (28 bytes).
    Removing stm32f0xx_usart.o(i.USART_OverSampling8Cmd), (28 bytes).
    Removing stm32f0xx_usart.o(i.USART_OverrunDetectionConfig), (18 bytes).
    Removing stm32f0xx_usart.o(i.USART_ReceiverTimeOutCmd), (28 bytes).
    Removing stm32f0xx_usart.o(i.USART_RequestCmd), (20 bytes).
    Removing stm32f0xx_usart.o(i.USART_STOPModeCmd), (24 bytes).
    Removing stm32f0xx_usart.o(i.USART_SWAPPinCmd), (28 bytes).
    Removing stm32f0xx_usart.o(i.USART_SetAddress), (18 bytes).
    Removing stm32f0xx_usart.o(i.USART_SetAutoRetryCount), (20 bytes).
    Removing stm32f0xx_usart.o(i.USART_SetBlockLength), (18 bytes).
    Removing stm32f0xx_usart.o(i.USART_SetDEAssertionTime), (20 bytes).
    Removing stm32f0xx_usart.o(i.USART_SetDEDeassertionTime), (20 bytes).
    Removing stm32f0xx_usart.o(i.USART_SetGuardTime), (16 bytes).
    Removing stm32f0xx_usart.o(i.USART_SetPrescaler), (18 bytes).
    Removing stm32f0xx_usart.o(i.USART_SetReceiverTimeOut), (16 bytes).
    Removing stm32f0xx_usart.o(i.USART_SmartCardCmd), (24 bytes).
    Removing stm32f0xx_usart.o(i.USART_SmartCardNACKCmd), (24 bytes).
    Removing stm32f0xx_usart.o(i.USART_StopModeWakeUpSourceConfig), (18 bytes).
    Removing stm32f0xx_usart.o(i.USART_StructInit), (24 bytes).
    Removing devcfg.o(.rev16_text), (4 bytes).
    Removing devcfg.o(.revsh_text), (4 bytes).
    Removing devcfg.o(i.bDevCfgGetEnableBeepFlg), (16 bytes).
    Removing devcfg.o(i.bDevCfgGetEnableListenFlg), (16 bytes).
    Removing devcfg.o(i.nDevCfgEnableListenFlg), (6 bytes).
    Removing devcfg.o(i.nDevCfgGetAckPayload), (32 bytes).
    Removing devcfg.o(i.nDevCfgGetReadCardMode), (16 bytes).
    Removing devcfg.o(i.nDevCfgGetTranPower), (16 bytes).
    Removing devcfg.o(i.nDevCfgGetTranSpeed), (16 bytes).
    Removing devcfg.o(i.nDevCfgGetUartBaud), (16 bytes).
    Removing devcfg.o(i.nDevCfgGetUartOutputIdMode), (16 bytes).
    Removing devcfg.o(i.nDevCfgGetWgMode), (16 bytes).
    Removing devcfg.o(i.nDevCfgParaPrintf), (188 bytes).
    Removing devcfg.o(i.nDevCfgSetDualFreqRecvAddr), (32 bytes).
    Removing devcfg.o(i.uchDevCfgGetLossValue), (12 bytes).
    Removing devcfg.o(i.uchDevCfgGetTriggerDistance), (12 bytes).
    Removing devcfg.o(i.uchDevCfgGetTriggerInterval), (12 bytes).
    Removing devcfg.o(i.uchDevCfgGetTriggerLowFreq), (12 bytes).
    Removing devcfg.o(i.uchDevCfgTriggerActiveFlg), (12 bytes).
    Removing devcfg.o(i.uchDevCfgTriggerInOutInterval), (12 bytes).
    Removing devcfg.o(i.usDevCfgGetDevAddr), (12 bytes).
    Removing devcfg.o(.conststring), (133 bytes).
    Removing flash.o(.rev16_text), (4 bytes).
    Removing flash.o(.revsh_text), (4 bytes).
    Removing io.o(.rev16_text), (4 bytes).
    Removing io.o(.revsh_text), (4 bytes).
    Removing io.o(i.LED_control), (84 bytes).
    Removing io.o(i.LED_toggle), (132 bytes).
    Removing io.o(i.vBeepDelay), (36 bytes).
    Removing nrf24l01.o(.rev16_text), (4 bytes).
    Removing nrf24l01.o(.revsh_text), (4 bytes).
    Removing nrf24l01.o(i.NRF_Tx_Dat), (88 bytes).
    Removing rc522.o(.rev16_text), (4 bytes).
    Removing rc522.o(.revsh_text), (4 bytes).
    Removing rc522.o(i.PcdAuthState), (126 bytes).
    Removing rc522.o(i.PcdHalt), (64 bytes).
    Removing rc522.o(i.PcdRead), (100 bytes).
    Removing rc522.o(i.PcdWrite), (160 bytes).
    Removing rc522.o(i.RC522_Pdown), (22 bytes).
    Removing rc522.o(i.RE_Card), (84 bytes).
    Removing rc522.o(i.RE_Sector), (174 bytes).
    Removing rc522.o(i.WR_Card), (84 bytes).
    Removing rf125k.o(.rev16_text), (4 bytes).
    Removing rf125k.o(.revsh_text), (4 bytes).
    Removing uart.o(.rev16_text), (4 bytes).
    Removing uart.o(.revsh_text), (4 bytes).
    Removing uart.o(i.RS485_SendString), (40 bytes).
    Removing uart.o(i.RS485_TX_Delay), (18 bytes).
    Removing uart.o(i.UART_TTL_SendByte), (12 bytes).
    Removing uart.o(i.USART4_SendByte), (32 bytes).
    Removing uart.o(i.USART4_SendString), (26 bytes).
    Removing uart.o(i.fputc), (36 bytes).
    Removing timer.o(.rev16_text), (4 bytes).
    Removing timer.o(.revsh_text), (4 bytes).
    Removing timer.o(i.Set_TIM1_Frequency), (84 bytes).
    Removing timer.o(.data), (6 bytes).
    Removing system_stm32f0xx.o(.rev16_text), (4 bytes).
    Removing system_stm32f0xx.o(.revsh_text), (4 bytes).
    Removing system_stm32f0xx.o(i.SystemCoreClockUpdate), (176 bytes).
    Removing startup_stm32f030xc.o(HEAP), (512 bytes).
    Removing dadd.o(.text), (356 bytes).
    Removing dmul.o(.text), (208 bytes).
    Removing ddiv.o(.text), (240 bytes).
    Removing dfixul.o(.text), (64 bytes).
    Removing cdrcmple.o(.text), (40 bytes).
    Removing depilogue.o(.text), (190 bytes).
    Removing depilogue.o(i.__ARM_clz), (46 bytes).

325 unused section(s) (total 12397 bytes) removed from the image.

==============================================================================

Image Symbol Table

    Local Symbols

    Symbol Name                              Value     Ov Type        Size  Object(Section)

    ../clib/microlib/division.c              0x00000000   Number         0  uldiv.o ABSOLUTE
    ../clib/microlib/division.c              0x00000000   Number         0  uidiv.o ABSOLUTE
    ../clib/microlib/division.c              0x00000000   Number         0  idiv.o ABSOLUTE
    ../clib/microlib/init/entry.s            0x00000000   Number         0  entry2.o ABSOLUTE
    ../clib/microlib/init/entry.s            0x00000000   Number         0  entry11b.o ABSOLUTE
    ../clib/microlib/init/entry.s            0x00000000   Number         0  entry7a.o ABSOLUTE
    ../clib/microlib/init/entry.s            0x00000000   Number         0  entry11a.o ABSOLUTE
    ../clib/microlib/init/entry.s            0x00000000   Number         0  entry5.o ABSOLUTE
    ../clib/microlib/init/entry.s            0x00000000   Number         0  entry10a.o ABSOLUTE
    ../clib/microlib/init/entry.s            0x00000000   Number         0  entry7b.o ABSOLUTE
    ../clib/microlib/init/entry.s            0x00000000   Number         0  entry9a.o ABSOLUTE
    ../clib/microlib/init/entry.s            0x00000000   Number         0  entry9b.o ABSOLUTE
    ../clib/microlib/init/entry.s            0x00000000   Number         0  entry8a.o ABSOLUTE
    ../clib/microlib/init/entry.s            0x00000000   Number         0  entry10b.o ABSOLUTE
    ../clib/microlib/init/entry.s            0x00000000   Number         0  entry8b.o ABSOLUTE
    ../clib/microlib/init/entry.s            0x00000000   Number         0  entry.o ABSOLUTE
    ../clib/microlib/longlong.c              0x00000000   Number         0  llsshr.o ABSOLUTE
    ../clib/microlib/longlong.c              0x00000000   Number         0  llushr.o ABSOLUTE
    ../clib/microlib/longlong.c              0x00000000   Number         0  llshl.o ABSOLUTE
    ../clib/microlib/printf/printf.c         0x00000000   Number         0  printf4.o ABSOLUTE
    ../clib/microlib/printf/printf.c         0x00000000   Number         0  printf2.o ABSOLUTE
    ../clib/microlib/printf/printf.c         0x00000000   Number         0  printfa.o ABSOLUTE
    ../clib/microlib/printf/printf.c         0x00000000   Number         0  printf8.o ABSOLUTE
    ../clib/microlib/printf/printf.c         0x00000000   Number         0  printf7.o ABSOLUTE
    ../clib/microlib/printf/printf.c         0x00000000   Number         0  printf5.o ABSOLUTE
    ../clib/microlib/printf/printf.c         0x00000000   Number         0  printf3.o ABSOLUTE
    ../clib/microlib/printf/printf.c         0x00000000   Number         0  printf1.o ABSOLUTE
    ../clib/microlib/printf/printf.c         0x00000000   Number         0  printf0.o ABSOLUTE
    ../clib/microlib/printf/printf.c         0x00000000   Number         0  printfb.o ABSOLUTE
    ../clib/microlib/printf/printf.c         0x00000000   Number         0  printf6.o ABSOLUTE
    ../clib/microlib/printf/stubs.s          0x00000000   Number         0  stubs.o ABSOLUTE
    ../clib/microlib/stdio/streams.c         0x00000000   Number         0  stdout.o ABSOLUTE
    ../clib/microlib/string/memcmp.c         0x00000000   Number         0  memcmp.o ABSOLUTE
    ../clib/microlib/string/memcpy.c         0x00000000   Number         0  memcpya.o ABSOLUTE
    ../clib/microlib/string/memcpy.c         0x00000000   Number         0  memcpyb.o ABSOLUTE
    ../clib/microlib/string/memset.c         0x00000000   Number         0  memseta.o ABSOLUTE
    ../clib/microlib/stubs.s                 0x00000000   Number         0  iusefp.o ABSOLUTE
    ../fplib/microlib/fpadd.c                0x00000000   Number         0  dadd.o ABSOLUTE
    ../fplib/microlib/fpdiv.c                0x00000000   Number         0  ddiv.o ABSOLUTE
    ../fplib/microlib/fpepilogue.c           0x00000000   Number         0  depilogue.o ABSOLUTE
    ../fplib/microlib/fpfix.c                0x00000000   Number         0  dfixul.o ABSOLUTE
    ../fplib/microlib/fpmul.c                0x00000000   Number         0  dmul.o ABSOLUTE
    ..\Driver\devcfg.c                       0x00000000   Number         0  devcfg.o ABSOLUTE
    ..\Driver\flash.c                        0x00000000   Number         0  flash.o ABSOLUTE
    ..\Driver\io.c                           0x00000000   Number         0  io.o ABSOLUTE
    ..\Driver\nrf24l01.c                     0x00000000   Number         0  nrf24l01.o ABSOLUTE
    ..\Driver\rc522.c                        0x00000000   Number         0  rc522.o ABSOLUTE
    ..\Driver\rf125k.c                       0x00000000   Number         0  rf125k.o ABSOLUTE
    ..\Driver\timer.c                        0x00000000   Number         0  timer.o ABSOLUTE
    ..\Driver\tool.c                         0x00000000   Number         0  tool.o ABSOLUTE
    ..\Driver\uart.c                         0x00000000   Number         0  uart.o ABSOLUTE
    ..\Libraries\STM32F0xx_StdPeriph_Driver\src\stm32f0xx_exti.c 0x00000000   Number         0  stm32f0xx_exti.o ABSOLUTE
    ..\Libraries\STM32F0xx_StdPeriph_Driver\src\stm32f0xx_flash.c 0x00000000   Number         0  stm32f0xx_flash.o ABSOLUTE
    ..\Libraries\STM32F0xx_StdPeriph_Driver\src\stm32f0xx_gpio.c 0x00000000   Number         0  stm32f0xx_gpio.o ABSOLUTE
    ..\Libraries\STM32F0xx_StdPeriph_Driver\src\stm32f0xx_misc.c 0x00000000   Number         0  stm32f0xx_misc.o ABSOLUTE
    ..\Libraries\STM32F0xx_StdPeriph_Driver\src\stm32f0xx_rcc.c 0x00000000   Number         0  stm32f0xx_rcc.o ABSOLUTE
    ..\Libraries\STM32F0xx_StdPeriph_Driver\src\stm32f0xx_spi.c 0x00000000   Number         0  stm32f0xx_spi.o ABSOLUTE
    ..\Libraries\STM32F0xx_StdPeriph_Driver\src\stm32f0xx_syscfg.c 0x00000000   Number         0  stm32f0xx_syscfg.o ABSOLUTE
    ..\Libraries\STM32F0xx_StdPeriph_Driver\src\stm32f0xx_tim.c 0x00000000   Number         0  stm32f0xx_tim.o ABSOLUTE
    ..\Libraries\STM32F0xx_StdPeriph_Driver\src\stm32f0xx_usart.c 0x00000000   Number         0  stm32f0xx_usart.o ABSOLUTE
    ..\\Driver\\devcfg.c                     0x00000000   Number         0  devcfg.o ABSOLUTE
    ..\\Driver\\flash.c                      0x00000000   Number         0  flash.o ABSOLUTE
    ..\\Driver\\io.c                         0x00000000   Number         0  io.o ABSOLUTE
    ..\\Driver\\nrf24l01.c                   0x00000000   Number         0  nrf24l01.o ABSOLUTE
    ..\\Driver\\rc522.c                      0x00000000   Number         0  rc522.o ABSOLUTE
    ..\\Driver\\rf125k.c                     0x00000000   Number         0  rf125k.o ABSOLUTE
    ..\\Driver\\timer.c                      0x00000000   Number         0  timer.o ABSOLUTE
    ..\\Driver\\uart.c                       0x00000000   Number         0  uart.o ABSOLUTE
    ..\\Libraries\\STM32F0xx_StdPeriph_Driver\\src\\stm32f0xx_exti.c 0x00000000   Number         0  stm32f0xx_exti.o ABSOLUTE
    ..\\Libraries\\STM32F0xx_StdPeriph_Driver\\src\\stm32f0xx_flash.c 0x00000000   Number         0  stm32f0xx_flash.o ABSOLUTE
    ..\\Libraries\\STM32F0xx_StdPeriph_Driver\\src\\stm32f0xx_gpio.c 0x00000000   Number         0  stm32f0xx_gpio.o ABSOLUTE
    ..\\Libraries\\STM32F0xx_StdPeriph_Driver\\src\\stm32f0xx_misc.c 0x00000000   Number         0  stm32f0xx_misc.o ABSOLUTE
    ..\\Libraries\\STM32F0xx_StdPeriph_Driver\\src\\stm32f0xx_rcc.c 0x00000000   Number         0  stm32f0xx_rcc.o ABSOLUTE
    ..\\Libraries\\STM32F0xx_StdPeriph_Driver\\src\\stm32f0xx_spi.c 0x00000000   Number         0  stm32f0xx_spi.o ABSOLUTE
    ..\\Libraries\\STM32F0xx_StdPeriph_Driver\\src\\stm32f0xx_syscfg.c 0x00000000   Number         0  stm32f0xx_syscfg.o ABSOLUTE
    ..\\Libraries\\STM32F0xx_StdPeriph_Driver\\src\\stm32f0xx_tim.c 0x00000000   Number         0  stm32f0xx_tim.o ABSOLUTE
    ..\\Libraries\\STM32F0xx_StdPeriph_Driver\\src\\stm32f0xx_usart.c 0x00000000   Number         0  stm32f0xx_usart.o ABSOLUTE
    RTE\Device\STM32F030RC\startup_stm32f030xc.s 0x00000000   Number         0  startup_stm32f030xc.o ABSOLUTE
    RTE\Device\STM32F030RC\system_stm32f0xx.c 0x00000000   Number         0  system_stm32f0xx.o ABSOLUTE
    RTE\\Device\\STM32F030RC\\system_stm32f0xx.c 0x00000000   Number         0  system_stm32f0xx.o ABSOLUTE
    cdrcmple.s                               0x00000000   Number         0  cdrcmple.o ABSOLUTE
    dc.s                                     0x00000000   Number         0  dc.o ABSOLUTE
    handlers.s                               0x00000000   Number         0  handlers.o ABSOLUTE
    init.s                                   0x00000000   Number         0  init.o ABSOLUTE
    main.c                                   0x00000000   Number         0  main.o ABSOLUTE
    main.c                                   0x00000000   Number         0  main.o ABSOLUTE
    RESET                                    0x08000000   Section      184  startup_stm32f030xc.o(RESET)
    .ARM.Collect$$$$00000000                 0x080000b8   Section        0  entry.o(.ARM.Collect$$$$00000000)
    .ARM.Collect$$$$00000001                 0x080000b8   Section        4  entry2.o(.ARM.Collect$$$$00000001)
    .ARM.Collect$$$$00000004                 0x080000bc   Section        4  entry5.o(.ARM.Collect$$$$00000004)
    .ARM.Collect$$$$00000008                 0x080000c0   Section        0  entry7b.o(.ARM.Collect$$$$00000008)
    .ARM.Collect$$$$0000000A                 0x080000c0   Section        0  entry8b.o(.ARM.Collect$$$$0000000A)
    .ARM.Collect$$$$0000000B                 0x080000c0   Section        8  entry9a.o(.ARM.Collect$$$$0000000B)
    .ARM.Collect$$$$0000000D                 0x080000c8   Section        0  entry10a.o(.ARM.Collect$$$$0000000D)
    .ARM.Collect$$$$0000000F                 0x080000c8   Section        0  entry11a.o(.ARM.Collect$$$$0000000F)
    .ARM.Collect$$$$00002712                 0x080000c8   Section        4  entry2.o(.ARM.Collect$$$$00002712)
    __lit__00000000                          0x080000c8   Data           4  entry2.o(.ARM.Collect$$$$00002712)
    .text                                    0x080000cc   Section       88  startup_stm32f030xc.o(.text)
    .text                                    0x08000124   Section        0  uidiv.o(.text)
    .text                                    0x08000150   Section        0  idiv.o(.text)
    .text                                    0x08000178   Section        0  memcpya.o(.text)
    .text                                    0x0800019c   Section        0  memseta.o(.text)
    .text                                    0x080001c0   Section        0  memcmp.o(.text)
    .text                                    0x080001dc   Section       36  init.o(.text)
    i.CRC16_Calc                             0x08000200   Section        0  tool.o(i.CRC16_Calc)
    CRC16_Calc                               0x08000201   Thumb Code    24  tool.o(i.CRC16_Calc)
    i.CRC16_Clear                            0x0800021c   Section        0  tool.o(i.CRC16_Clear)
    CRC16_Clear                              0x0800021d   Thumb Code     8  tool.o(i.CRC16_Clear)
    i.CRC16_Get                              0x08000224   Section        0  tool.o(i.CRC16_Get)
    CRC16_Get                                0x08000225   Thumb Code    36  tool.o(i.CRC16_Get)
    i.CalulateCRC                            0x08000248   Section        0  rc522.o(i.CalulateCRC)
    CalulateCRC                              0x08000249   Thumb Code   112  rc522.o(i.CalulateCRC)
    i.CheckOverflowCurTick                   0x080002b8   Section        0  io.o(i.CheckOverflowCurTick)
    CheckOverflowCurTick                     0x080002b9   Thumb Code    16  io.o(i.CheckOverflowCurTick)
    i.ClearBitMask                           0x080002cc   Section        0  rc522.o(i.ClearBitMask)
    ClearBitMask                             0x080002cd   Thumb Code    28  rc522.o(i.ClearBitMask)
    i.EXIT_NRF_Init                          0x080002e8   Section        0  nrf24l01.o(i.EXIT_NRF_Init)
    EXIT_NRF_Init                            0x080002e9   Thumb Code   100  nrf24l01.o(i.EXIT_NRF_Init)
    i.EXTI4_15_IRQHandler                    0x08000350   Section        0  nrf24l01.o(i.EXTI4_15_IRQHandler)
    i.EXTI_ClearITPendingBit                 0x08000370   Section        0  stm32f0xx_exti.o(i.EXTI_ClearITPendingBit)
    i.EXTI_GetITStatus                       0x0800037c   Section        0  stm32f0xx_exti.o(i.EXTI_GetITStatus)
    i.EXTI_Init                              0x08000398   Section        0  stm32f0xx_exti.o(i.EXTI_Init)
    i.FD_Card                                0x08000420   Section        0  rc522.o(i.FD_Card)
    i.FLASH_ClearFlag                        0x08000428   Section        0  stm32f0xx_flash.o(i.FLASH_ClearFlag)
    i.FLASH_ErasePage                        0x08000434   Section        0  stm32f0xx_flash.o(i.FLASH_ErasePage)
    i.FLASH_GetStatus                        0x08000480   Section        0  stm32f0xx_flash.o(i.FLASH_GetStatus)
    i.FLASH_Lock                             0x080004bc   Section        0  stm32f0xx_flash.o(i.FLASH_Lock)
    i.FLASH_ProgramWord                      0x080004d0   Section        0  stm32f0xx_flash.o(i.FLASH_ProgramWord)
    i.FLASH_Unlock                           0x0800053c   Section        0  stm32f0xx_flash.o(i.FLASH_Unlock)
    i.FLASH_WaitForLastOperation             0x08000560   Section        0  stm32f0xx_flash.o(i.FLASH_WaitForLastOperation)
    i.GPIO_Init                              0x08000588   Section        0  stm32f0xx_gpio.o(i.GPIO_Init)
    i.GPIO_PinAFConfig                       0x08000618   Section        0  stm32f0xx_gpio.o(i.GPIO_PinAFConfig)
    i.GPIO_ReadInputDataBit                  0x0800065c   Section        0  stm32f0xx_gpio.o(i.GPIO_ReadInputDataBit)
    i.GPIO_ResetBits                         0x08000670   Section        0  stm32f0xx_gpio.o(i.GPIO_ResetBits)
    i.GPIO_SetBits                           0x08000674   Section        0  stm32f0xx_gpio.o(i.GPIO_SetBits)
    i.M500PcdConfigISOType                   0x08000678   Section        0  rc522.o(i.M500PcdConfigISOType)
    M500PcdConfigISOType                     0x08000679   Thumb Code    82  rc522.o(i.M500PcdConfigISOType)
    i.NRF_Check                              0x080006cc   Section        0  nrf24l01.o(i.NRF_Check)
    NRF_Check                                0x080006cd   Thumb Code    80  nrf24l01.o(i.NRF_Check)
    i.NRF_Rx_Dat                             0x08000724   Section        0  nrf24l01.o(i.NRF_Rx_Dat)
    i.NVIC_Init                              0x08000768   Section        0  stm32f0xx_misc.o(i.NVIC_Init)
    i.OSTimeDly                              0x080007d8   Section        0  io.o(i.OSTimeDly)
    i.PcdAntennaOff                          0x08000858   Section        0  rc522.o(i.PcdAntennaOff)
    PcdAntennaOff                            0x08000859   Thumb Code    12  rc522.o(i.PcdAntennaOff)
    i.PcdAnticoll                            0x08000864   Section        0  rc522.o(i.PcdAnticoll)
    PcdAnticoll                              0x08000865   Thumb Code   126  rc522.o(i.PcdAnticoll)
    i.PcdComMF522                            0x080008e4   Section        0  rc522.o(i.PcdComMF522)
    PcdComMF522                              0x080008e5   Thumb Code   328  rc522.o(i.PcdComMF522)
    i.PcdRequest                             0x08000a30   Section        0  rc522.o(i.PcdRequest)
    PcdRequest                               0x08000a31   Thumb Code   102  rc522.o(i.PcdRequest)
    i.PcdReset                               0x08000a96   Section        0  rc522.o(i.PcdReset)
    PcdReset                                 0x08000a97   Thumb Code   116  rc522.o(i.PcdReset)
    i.PcdSelect                              0x08000b0a   Section        0  rc522.o(i.PcdSelect)
    PcdSelect                                0x08000b0b   Thumb Code   126  rc522.o(i.PcdSelect)
    i.Port_Init                              0x08000b88   Section        0  io.o(i.Port_Init)
    i.RC522_Delay                            0x08000bc0   Section        0  rc522.o(i.RC522_Delay)
    RC522_Delay                              0x08000bc1   Thumb Code    20  rc522.o(i.RC522_Delay)
    i.RC522_Init                             0x08000bd4   Section        0  rc522.o(i.RC522_Init)
    i.RCC_AHBPeriphClockCmd                  0x08000bf0   Section        0  stm32f0xx_rcc.o(i.RCC_AHBPeriphClockCmd)
    i.RCC_APB1PeriphClockCmd                 0x08000c10   Section        0  stm32f0xx_rcc.o(i.RCC_APB1PeriphClockCmd)
    i.RCC_APB2PeriphClockCmd                 0x08000c30   Section        0  stm32f0xx_rcc.o(i.RCC_APB2PeriphClockCmd)
    i.RCC_GetClocksFreq                      0x08000c50   Section        0  stm32f0xx_rcc.o(i.RCC_GetClocksFreq)
    i.RE_Pcd                                 0x08000e98   Section        0  rc522.o(i.RE_Pcd)
    RE_Pcd                                   0x08000e99   Thumb Code    66  rc522.o(i.RE_Pcd)
    i.RS485_Init                             0x08000edc   Section        0  uart.o(i.RS485_Init)
    i.ReadRawRC                              0x08000f14   Section        0  rc522.o(i.ReadRawRC)
    ReadRawRC                                0x08000f15   Thumb Code    52  rc522.o(i.ReadRawRC)
    i.SE_Card                                0x08000f48   Section        0  rc522.o(i.SE_Card)
    SE_Card                                  0x08000f49   Thumb Code    62  rc522.o(i.SE_Card)
    i.SPI2_Config                            0x08000f8c   Section        0  nrf24l01.o(i.SPI2_Config)
    SPI2_Config                              0x08000f8d   Thumb Code   194  nrf24l01.o(i.SPI2_Config)
    i.SPI2_RW_Byte                           0x08001058   Section        0  nrf24l01.o(i.SPI2_RW_Byte)
    SPI2_RW_Byte                             0x08001059   Thumb Code    48  nrf24l01.o(i.SPI2_RW_Byte)
    i.SPIReadByte                            0x0800108c   Section        0  rc522.o(i.SPIReadByte)
    SPIReadByte                              0x0800108d   Thumb Code    74  rc522.o(i.SPIReadByte)
    i.SPIWriteByte                           0x080010d6   Section        0  rc522.o(i.SPIWriteByte)
    SPIWriteByte                             0x080010d7   Thumb Code    90  rc522.o(i.SPIWriteByte)
    i.SPI_Cmd                                0x08001130   Section        0  stm32f0xx_spi.o(i.SPI_Cmd)
    i.SPI_I2S_GetFlagStatus                  0x0800114c   Section        0  stm32f0xx_spi.o(i.SPI_I2S_GetFlagStatus)
    i.SPI_Init                               0x08001160   Section        0  stm32f0xx_spi.o(i.SPI_Init)
    i.SPI_NRF_Init                           0x080011b8   Section        0  nrf24l01.o(i.SPI_NRF_Init)
    i.SPI_NRF_ReadBuf                        0x080011e8   Section        0  nrf24l01.o(i.SPI_NRF_ReadBuf)
    SPI_NRF_ReadBuf                          0x080011e9   Thumb Code    60  nrf24l01.o(i.SPI_NRF_ReadBuf)
    i.SPI_NRF_ReadReg                        0x08001228   Section        0  nrf24l01.o(i.SPI_NRF_ReadReg)
    SPI_NRF_ReadReg                          0x08001229   Thumb Code    42  nrf24l01.o(i.SPI_NRF_ReadReg)
    i.SPI_NRF_WriteBuf                       0x08001258   Section        0  nrf24l01.o(i.SPI_NRF_WriteBuf)
    SPI_NRF_WriteBuf                         0x08001259   Thumb Code    60  nrf24l01.o(i.SPI_NRF_WriteBuf)
    i.SPI_NRF_WriteReg                       0x08001298   Section        0  nrf24l01.o(i.SPI_NRF_WriteReg)
    SPI_NRF_WriteReg                         0x08001299   Thumb Code    44  nrf24l01.o(i.SPI_NRF_WriteReg)
    i.SPI_ReceiveData8                       0x080012c8   Section        0  stm32f0xx_spi.o(i.SPI_ReceiveData8)
    i.SPI_RxFIFOThresholdConfig              0x080012d4   Section        0  stm32f0xx_spi.o(i.SPI_RxFIFOThresholdConfig)
    i.SPI_SendData8                          0x080012e8   Section        0  stm32f0xx_spi.o(i.SPI_SendData8)
    i.SYSCFG_EXTILineConfig                  0x080012f4   Section        0  stm32f0xx_syscfg.o(i.SYSCFG_EXTILineConfig)
    i.SetBitMask                             0x08001334   Section        0  rc522.o(i.SetBitMask)
    SetBitMask                               0x08001335   Thumb Code    28  rc522.o(i.SetBitMask)
    i.SetSysClock                            0x08001350   Section        0  system_stm32f0xx.o(i.SetSysClock)
    SetSysClock                              0x08001351   Thumb Code   206  system_stm32f0xx.o(i.SetSysClock)
    i.SystemInit                             0x08001428   Section        0  system_stm32f0xx.o(i.SystemInit)
    i.System_Init                            0x080014a4   Section        0  main.o(i.System_Init)
    i.TIM1_BRK_UP_TRG_COM_IRQHandler         0x080014c0   Section        0  timer.o(i.TIM1_BRK_UP_TRG_COM_IRQHandler)
    i.TIM1_Config                            0x080014e0   Section        0  timer.o(i.TIM1_Config)
    i.TIM3_Config                            0x080015d0   Section        0  timer.o(i.TIM3_Config)
    i.TIM3_INT_Config                        0x0800160c   Section        0  timer.o(i.TIM3_INT_Config)
    TIM3_INT_Config                          0x0800160d   Thumb Code    30  timer.o(i.TIM3_INT_Config)
    i.TIM3_IRQHandler                        0x0800162c   Section        0  timer.o(i.TIM3_IRQHandler)
    i.TIM_ClearITPendingBit                  0x08001688   Section        0  stm32f0xx_tim.o(i.TIM_ClearITPendingBit)
    i.TIM_Cmd                                0x08001690   Section        0  stm32f0xx_tim.o(i.TIM_Cmd)
    i.TIM_CtrlPWMOutputs                     0x080016ac   Section        0  stm32f0xx_tim.o(i.TIM_CtrlPWMOutputs)
    i.TIM_GetITStatus                        0x080016ce   Section        0  stm32f0xx_tim.o(i.TIM_GetITStatus)
    i.TIM_ITConfig                           0x080016f4   Section        0  stm32f0xx_tim.o(i.TIM_ITConfig)
    i.TIM_OC1Init                            0x08001708   Section        0  stm32f0xx_tim.o(i.TIM_OC1Init)
    i.TIM_TimeBaseInit                       0x0800179c   Section        0  stm32f0xx_tim.o(i.TIM_TimeBaseInit)
    i.UART_TTL_Init                          0x08001818   Section        0  uart.o(i.UART_TTL_Init)
    i.UART_TTL_SendString                    0x08001820   Section        0  uart.o(i.UART_TTL_SendString)
    i.USART2_Configuration                   0x08001830   Section        0  uart.o(i.USART2_Configuration)
    USART2_Configuration                     0x08001831   Thumb Code   144  uart.o(i.USART2_Configuration)
    i.USART2_IRQHandler                      0x080018c8   Section        0  uart.o(i.USART2_IRQHandler)
    i.USART2_SendByte                        0x080018f0   Section        0  uart.o(i.USART2_SendByte)
    USART2_SendByte                          0x080018f1   Thumb Code    28  uart.o(i.USART2_SendByte)
    i.USART2_SendString                      0x08001910   Section        0  uart.o(i.USART2_SendString)
    USART2_SendString                        0x08001911   Thumb Code    26  uart.o(i.USART2_SendString)
    i.USART3_6_IRQHandler                    0x0800192c   Section        0  uart.o(i.USART3_6_IRQHandler)
    i.USART4_Configuration                   0x08001954   Section        0  uart.o(i.USART4_Configuration)
    USART4_Configuration                     0x08001955   Thumb Code   140  uart.o(i.USART4_Configuration)
    i.USART_Cmd                              0x080019ec   Section        0  stm32f0xx_usart.o(i.USART_Cmd)
    i.USART_GetFlagStatus                    0x08001a04   Section        0  stm32f0xx_usart.o(i.USART_GetFlagStatus)
    i.USART_GetITStatus                      0x08001a18   Section        0  stm32f0xx_usart.o(i.USART_GetITStatus)
    i.USART_ITConfig                         0x08001a66   Section        0  stm32f0xx_usart.o(i.USART_ITConfig)
    i.USART_Init                             0x08001aa8   Section        0  stm32f0xx_usart.o(i.USART_Init)
    i.USART_ReceiveData                      0x08001ba0   Section        0  stm32f0xx_usart.o(i.USART_ReceiveData)
    i.USART_SendData                         0x08001baa   Section        0  stm32f0xx_usart.o(i.USART_SendData)
    i.WriteRawRC                             0x08001bb2   Section        0  rc522.o(i.WriteRawRC)
    WriteRawRC                               0x08001bb3   Thumb Code    48  rc522.o(i.WriteRawRC)
    i.__scatterload_copy                     0x08001be2   Section       14  handlers.o(i.__scatterload_copy)
    i.__scatterload_null                     0x08001bf0   Section        2  handlers.o(i.__scatterload_null)
    i.__scatterload_zeroinit                 0x08001bf2   Section       14  handlers.o(i.__scatterload_zeroinit)
    i.chSig125ksendDataString                0x08001c00   Section        0  rf125k.o(i.chSig125ksendDataString)
    i.crc16                                  0x08001d30   Section        0  tool.o(i.crc16)
    i.main                                   0x08001d48   Section        0  main.o(i.main)
    i.nDevCfgEnableBeepFlg                   0x08001d80   Section        0  devcfg.o(i.nDevCfgEnableBeepFlg)
    i.nDevCfgGenAckPack                      0x08001da8   Section        0  devcfg.o(i.nDevCfgGenAckPack)
    i.nDevCfgGetRecvAddr                     0x08001dd0   Section        0  devcfg.o(i.nDevCfgGetRecvAddr)
    i.nDevCfgGetRepSndIdInterval             0x08001df4   Section        0  devcfg.o(i.nDevCfgGetRepSndIdInterval)
    i.nDevCfgGetRfFreq                       0x08001e04   Section        0  devcfg.o(i.nDevCfgGetRfFreq)
    i.nDevCfgLoadCfgParaFromFlash            0x08001e18   Section        0  devcfg.o(i.nDevCfgLoadCfgParaFromFlash)
    i.nDevCfgSaveParaToFlash                 0x08001f00   Section        0  devcfg.o(i.nDevCfgSaveParaToFlash)
    i.nDevCfgSetAckPayload                   0x08001f44   Section        0  devcfg.o(i.nDevCfgSetAckPayload)
    i.nDevCfgSetDefaultPara                  0x08001f78   Section        0  devcfg.o(i.nDevCfgSetDefaultPara)
    i.nDevCfgSetDevAddr                      0x08002044   Section        0  devcfg.o(i.nDevCfgSetDevAddr)
    i.nDevCfgSetDevType                      0x08002060   Section        0  devcfg.o(i.nDevCfgSetDevType)
    i.nDevCfgSetLossValue                    0x0800207c   Section        0  devcfg.o(i.nDevCfgSetLossValue)
    i.nDevCfgSetReadCardMode                 0x08002098   Section        0  devcfg.o(i.nDevCfgSetReadCardMode)
    i.nDevCfgSetRecvAddr                     0x080020a0   Section        0  devcfg.o(i.nDevCfgSetRecvAddr)
    i.nDevCfgSetRepSndIdInterval             0x080020d8   Section        0  devcfg.o(i.nDevCfgSetRepSndIdInterval)
    i.nDevCfgSetRfFreq                       0x080020fc   Section        0  devcfg.o(i.nDevCfgSetRfFreq)
    i.nDevCfgSetTranPower                    0x08002140   Section        0  devcfg.o(i.nDevCfgSetTranPower)
    i.nDevCfgSetTranSpeed                    0x0800217c   Section        0  devcfg.o(i.nDevCfgSetTranSpeed)
    i.nDevCfgSetTriggerActiveFlg             0x080021b8   Section        0  devcfg.o(i.nDevCfgSetTriggerActiveFlg)
    i.nDevCfgSetTriggerDistance              0x080021e0   Section        0  devcfg.o(i.nDevCfgSetTriggerDistance)
    i.nDevCfgSetTriggerDuty                  0x08002208   Section        0  devcfg.o(i.nDevCfgSetTriggerDuty)
    i.nDevCfgSetTriggerInOutInterval         0x0800223c   Section        0  devcfg.o(i.nDevCfgSetTriggerInOutInterval)
    i.nDevCfgSetTriggerInterval              0x08002258   Section        0  devcfg.o(i.nDevCfgSetTriggerInterval)
    i.nDevCfgSetTriggerLowFreq               0x08002274   Section        0  devcfg.o(i.nDevCfgSetTriggerLowFreq)
    i.nDevCfgSetTriggerMode                  0x08002298   Section        0  devcfg.o(i.nDevCfgSetTriggerMode)
    i.nDevCfgSetTriggerSubAddr               0x080022c8   Section        0  devcfg.o(i.nDevCfgSetTriggerSubAddr)
    i.nDevCfgSetUartBaud                     0x080022e4   Section        0  devcfg.o(i.nDevCfgSetUartBaud)
    i.nDevCfgSetUartOutputIdMode             0x08002320   Section        0  devcfg.o(i.nDevCfgSetUartOutputIdMode)
    i.nDevCfgSetWgMode                       0x08002348   Section        0  devcfg.o(i.nDevCfgSetWgMode)
    i.nNrfInit                               0x08002384   Section        0  nrf24l01.o(i.nNrfInit)
    i.nNrfSetOperationMode                   0x080023f0   Section        0  nrf24l01.o(i.nNrfSetOperationMode)
    i.nNrfSetPowerMode                       0x08002410   Section        0  nrf24l01.o(i.nNrfSetPowerMode)
    nNrfSetPowerMode                         0x08002411   Thumb Code    36  nrf24l01.o(i.nNrfSetPowerMode)
    i.nNrfSetRxPipeAddr                      0x08002434   Section        0  nrf24l01.o(i.nNrfSetRxPipeAddr)
    i.nNrfSetTxAddr                          0x0800245e   Section        0  nrf24l01.o(i.nNrfSetTxAddr)
    nNrfSetTxAddr                            0x0800245f   Thumb Code    18  nrf24l01.o(i.nNrfSetTxAddr)
    i.nReadCfgParaFromFlash                  0x08002470   Section        0  flash.o(i.nReadCfgParaFromFlash)
    i.nSaveCfgParaToFlash                    0x08002490   Section        0  flash.o(i.nSaveCfgParaToFlash)
    i.pauseCarrier                           0x08002558   Section        0  rf125k.o(i.pauseCarrier)
    pauseCarrier                             0x08002559   Thumb Code    26  rf125k.o(i.pauseCarrier)
    i.sendCarrier                            0x08002572   Section        0  rf125k.o(i.sendCarrier)
    sendCarrier                              0x08002573   Thumb Code    26  rf125k.o(i.sendCarrier)
    i.sendPattern                            0x0800258c   Section        0  rf125k.o(i.sendPattern)
    sendPattern                              0x0800258d   Thumb Code   214  rf125k.o(i.sendPattern)
    i.spi_master_init                        0x0800267c   Section        0  rc522.o(i.spi_master_init)
    spi_master_init                          0x0800267d   Thumb Code    64  rc522.o(i.spi_master_init)
    i.uchDevCfgGetDevType                    0x080026c0   Section        0  devcfg.o(i.uchDevCfgGetDevType)
    i.uchDevCfgGetTriggerDuty                0x080026cc   Section        0  devcfg.o(i.uchDevCfgGetTriggerDuty)
    i.uchDevCfgGetTriggerMode                0x080026d8   Section        0  devcfg.o(i.uchDevCfgGetTriggerMode)
    i.uchDevCfgGetTriggerSubAddr             0x080026e4   Section        0  devcfg.o(i.uchDevCfgGetTriggerSubAddr)
    i.ulGetCurTick                           0x080026f0   Section        0  io.o(i.ulGetCurTick)
    ulGetCurTick                             0x080026f1   Thumb Code    10  io.o(i.ulGetCurTick)
    i.vLed_Init                              0x08002700   Section        0  io.o(i.vLed_Init)
    i.vNrfEnableDynamicPayloadLen            0x08002750   Section        0  nrf24l01.o(i.vNrfEnableDynamicPayloadLen)
    vNrfEnableDynamicPayloadLen              0x08002751   Thumb Code    46  nrf24l01.o(i.vNrfEnableDynamicPayloadLen)
    i.vNrfEnableFeature                      0x0800277e   Section        0  nrf24l01.o(i.vNrfEnableFeature)
    vNrfEnableFeature                        0x0800277f   Thumb Code    60  nrf24l01.o(i.vNrfEnableFeature)
    i.vNrfEnableIrq                          0x080027ba   Section        0  nrf24l01.o(i.vNrfEnableIrq)
    vNrfEnableIrq                            0x080027bb   Thumb Code    76  nrf24l01.o(i.vNrfEnableIrq)
    i.vNrfEnablePipeAutoAck                  0x08002806   Section        0  nrf24l01.o(i.vNrfEnablePipeAutoAck)
    vNrfEnablePipeAutoAck                    0x08002807   Thumb Code    46  nrf24l01.o(i.vNrfEnablePipeAutoAck)
    i.vNrfEnableRxPipe                       0x08002834   Section        0  nrf24l01.o(i.vNrfEnableRxPipe)
    vNrfEnableRxPipe                         0x08002835   Thumb Code    46  nrf24l01.o(i.vNrfEnableRxPipe)
    i.vNrfPresetEnhanceShortBurst            0x08002864   Section        0  nrf24l01.o(i.vNrfPresetEnhanceShortBurst)
    vNrfPresetEnhanceShortBurst              0x08002865   Thumb Code   244  nrf24l01.o(i.vNrfPresetEnhanceShortBurst)
    i.vNrfSetAddrWidth                       0x0800295c   Section        0  nrf24l01.o(i.vNrfSetAddrWidth)
    vNrfSetAddrWidth                         0x0800295d   Thumb Code    32  nrf24l01.o(i.vNrfSetAddrWidth)
    i.vNrfSetCrcPara                         0x0800297c   Section        0  nrf24l01.o(i.vNrfSetCrcPara)
    vNrfSetCrcPara                           0x0800297d   Thumb Code    50  nrf24l01.o(i.vNrfSetCrcPara)
    i.vNrfSetFreq                            0x080029ae   Section        0  nrf24l01.o(i.vNrfSetFreq)
    i.vNrfSetRetransmitPara                  0x080029c0   Section        0  nrf24l01.o(i.vNrfSetRetransmitPara)
    vNrfSetRetransmitPara                    0x080029c1   Thumb Code    46  nrf24l01.o(i.vNrfSetRetransmitPara)
    i.vNrfSetTranPower                       0x080029ee   Section        0  nrf24l01.o(i.vNrfSetTranPower)
    i.vNrfSetTranSpeed                       0x08002a12   Section        0  nrf24l01.o(i.vNrfSetTranSpeed)
    i.vPwmIrq                                0x08002a68   Section        0  rf125k.o(i.vPwmIrq)
    i.vPwmPauseCarrierAnt1                   0x08002aec   Section        0  rf125k.o(i.vPwmPauseCarrierAnt1)
    vPwmPauseCarrierAnt1                     0x08002aed   Thumb Code    42  rf125k.o(i.vPwmPauseCarrierAnt1)
    i.vPwmPauseCarrierAnt2                   0x08002b24   Section        0  rf125k.o(i.vPwmPauseCarrierAnt2)
    vPwmPauseCarrierAnt2                     0x08002b25   Thumb Code    42  rf125k.o(i.vPwmPauseCarrierAnt2)
    i.vPwmsendCarrierAnt1                    0x08002b5c   Section        0  rf125k.o(i.vPwmsendCarrierAnt1)
    vPwmsendCarrierAnt1                      0x08002b5d   Thumb Code    36  rf125k.o(i.vPwmsendCarrierAnt1)
    i.vPwmsendCarrierAnt2                    0x08002b8c   Section        0  rf125k.o(i.vPwmsendCarrierAnt2)
    vPwmsendCarrierAnt2                      0x08002b8d   Thumb Code    36  rf125k.o(i.vPwmsendCarrierAnt2)
    i.vSig125kInit                           0x08002bbc   Section        0  rf125k.o(i.vSig125kInit)
    i.vSig125kSetDefaultValues               0x08002bd8   Section        0  rf125k.o(i.vSig125kSetDefaultValues)
    vSig125kSetDefaultValues                 0x08002bd9   Thumb Code    38  rf125k.o(i.vSig125kSetDefaultValues)
    i.vSig125kSndTask                        0x08002c1c   Section        0  rf125k.o(i.vSig125kSndTask)
    i.vXYMOS_PIN_Init                        0x08002ccc   Section        0  rf125k.o(i.vXYMOS_PIN_Init)
    vXYMOS_PIN_Init                          0x08002ccd   Thumb Code    48  rf125k.o(i.vXYMOS_PIN_Init)
    .constdata                               0x08002d00   Section      512  tool.o(.constdata)
    CRC16_Table                              0x08002d00   Data         512  tool.o(.constdata)
    .data                                    0x20000000   Section        8  main.o(.data)
    .data                                    0x20000008   Section       16  stm32f0xx_rcc.o(.data)
    APBAHBPrescTable                         0x20000008   Data          16  stm32f0xx_rcc.o(.data)
    .data                                    0x20000018   Section        8  flash.o(.data)
    .data                                    0x20000020   Section        4  io.o(.data)
    .data                                    0x20000024   Section        3  nrf24l01.o(.data)
    RX_ADDRESS                               0x20000024   Data           3  nrf24l01.o(.data)
    .data                                    0x20000028   Section       49  rf125k.o(.data)
    gBitDuration                             0x20000028   Data           4  rf125k.o(.data)
    gCarrierBurstDuration                    0x2000002c   Data           4  rf125k.o(.data)
    gNrPreambleSymbols                       0x20000030   Data           2  rf125k.o(.data)
    gManchesterPatternLength                 0x20000032   Data           1  rf125k.o(.data)
    gCorrelatorDoublePattern                 0x20000033   Data           1  rf125k.o(.data)
    gPattern                                 0x20000034   Data           4  rf125k.o(.data)
    s_uchIndexAttena                         0x20000058   Data           1  rf125k.o(.data)
    .data                                    0x2000005c   Section       20  system_stm32f0xx.o(.data)
    .bss                                     0x20000070   Section       76  devcfg.o(.bss)
    .bss                                     0x200000bc   Section       50  nrf24l01.o(.bss)
    .bss                                     0x200000ee   Section       56  rc522.o(.bss)
    STACK                                    0x20000128   Section     1024  startup_stm32f030xc.o(STACK)

    Global Symbols

    Symbol Name                              Value     Ov Type        Size  Object(Section)

    BuildAttributes$$THM_ISAv3M$S$PE$A:L22$X:L11$S22$IEEE1$IW$USESV6$~STKCKD$USESV7$~SHL$OSPACE$ROPI$EBA8$MICROLIB$REQ8$PRES8$EABIv2 0x00000000   Number         0  anon$$obj.o ABSOLUTE
    __ARM_use_no_argv                        0x00000000   Number         0  main.o ABSOLUTE
    _printf_a                                0x00000000   Number         0  stubs.o ABSOLUTE
    _printf_c                                0x00000000   Number         0  stubs.o ABSOLUTE
    _printf_charcount                        0x00000000   Number         0  stubs.o ABSOLUTE
    _printf_d                                0x00000000   Number         0  stubs.o ABSOLUTE
    _printf_e                                0x00000000   Number         0  stubs.o ABSOLUTE
    _printf_f                                0x00000000   Number         0  stubs.o ABSOLUTE
    _printf_flags                            0x00000000   Number         0  stubs.o ABSOLUTE
    _printf_fp_dec                           0x00000000   Number         0  stubs.o ABSOLUTE
    _printf_fp_hex                           0x00000000   Number         0  stubs.o ABSOLUTE
    _printf_g                                0x00000000   Number         0  stubs.o ABSOLUTE
    _printf_i                                0x00000000   Number         0  stubs.o ABSOLUTE
    _printf_int_dec                          0x00000000   Number         0  stubs.o ABSOLUTE
    _printf_l                                0x00000000   Number         0  stubs.o ABSOLUTE
    _printf_lc                               0x00000000   Number         0  stubs.o ABSOLUTE
    _printf_ll                               0x00000000   Number         0  stubs.o ABSOLUTE
    _printf_lld                              0x00000000   Number         0  stubs.o ABSOLUTE
    _printf_lli                              0x00000000   Number         0  stubs.o ABSOLUTE
    _printf_llo                              0x00000000   Number         0  stubs.o ABSOLUTE
    _printf_llu                              0x00000000   Number         0  stubs.o ABSOLUTE
    _printf_llx                              0x00000000   Number         0  stubs.o ABSOLUTE
    _printf_longlong_dec                     0x00000000   Number         0  stubs.o ABSOLUTE
    _printf_longlong_hex                     0x00000000   Number         0  stubs.o ABSOLUTE
    _printf_longlong_oct                     0x00000000   Number         0  stubs.o ABSOLUTE
    _printf_ls                               0x00000000   Number         0  stubs.o ABSOLUTE
    _printf_mbtowc                           0x00000000   Number         0  stubs.o ABSOLUTE
    _printf_n                                0x00000000   Number         0  stubs.o ABSOLUTE
    _printf_o                                0x00000000   Number         0  stubs.o ABSOLUTE
    _printf_p                                0x00000000   Number         0  stubs.o ABSOLUTE
    _printf_percent                          0x00000000   Number         0  stubs.o ABSOLUTE
    _printf_pre_padding                      0x00000000   Number         0  stubs.o ABSOLUTE
    _printf_return_value                     0x00000000   Number         0  stubs.o ABSOLUTE
    _printf_s                                0x00000000   Number         0  stubs.o ABSOLUTE
    _printf_sizespec                         0x00000000   Number         0  stubs.o ABSOLUTE
    _printf_str                              0x00000000   Number         0  stubs.o ABSOLUTE
    _printf_truncate_signed                  0x00000000   Number         0  stubs.o ABSOLUTE
    _printf_truncate_unsigned                0x00000000   Number         0  stubs.o ABSOLUTE
    _printf_u                                0x00000000   Number         0  stubs.o ABSOLUTE
    _printf_wc                               0x00000000   Number         0  stubs.o ABSOLUTE
    _printf_wctomb                           0x00000000   Number         0  stubs.o ABSOLUTE
    _printf_widthprec                        0x00000000   Number         0  stubs.o ABSOLUTE
    _printf_x                                0x00000000   Number         0  stubs.o ABSOLUTE
    __cpp_initialize__aeabi_                  - Undefined Weak Reference
    __cxa_finalize                            - Undefined Weak Reference
    __decompress                              - Undefined Weak Reference
    _clock_init                               - Undefined Weak Reference
    _microlib_exit                            - Undefined Weak Reference
    __Vectors_Size                           0x000000b8   Number         0  startup_stm32f030xc.o ABSOLUTE
    __Vectors                                0x08000000   Data           4  startup_stm32f030xc.o(RESET)
    __Vectors_End                            0x080000b8   Data           0  startup_stm32f030xc.o(RESET)
    __main                                   0x080000b9   Thumb Code     0  entry.o(.ARM.Collect$$$$00000000)
    _main_stk                                0x080000b9   Thumb Code     0  entry2.o(.ARM.Collect$$$$00000001)
    _main_scatterload                        0x080000bd   Thumb Code     0  entry5.o(.ARM.Collect$$$$00000004)
    __main_after_scatterload                 0x080000c1   Thumb Code     0  entry5.o(.ARM.Collect$$$$00000004)
    _main_clock                              0x080000c1   Thumb Code     0  entry7b.o(.ARM.Collect$$$$00000008)
    _main_cpp_init                           0x080000c1   Thumb Code     0  entry8b.o(.ARM.Collect$$$$0000000A)
    _main_init                               0x080000c1   Thumb Code     0  entry9a.o(.ARM.Collect$$$$0000000B)
    __rt_final_cpp                           0x080000c9   Thumb Code     0  entry10a.o(.ARM.Collect$$$$0000000D)
    __rt_final_exit                          0x080000c9   Thumb Code     0  entry11a.o(.ARM.Collect$$$$0000000F)
    Reset_Handler                            0x080000cd   Thumb Code    38  startup_stm32f030xc.o(.text)
    NMI_Handler                              0x080000f3   Thumb Code     2  startup_stm32f030xc.o(.text)
    HardFault_Handler                        0x080000f5   Thumb Code     2  startup_stm32f030xc.o(.text)
    SVC_Handler                              0x080000f7   Thumb Code     2  startup_stm32f030xc.o(.text)
    PendSV_Handler                           0x080000f9   Thumb Code     2  startup_stm32f030xc.o(.text)
    SysTick_Handler                          0x080000fb   Thumb Code     2  startup_stm32f030xc.o(.text)
    ADC1_IRQHandler                          0x080000fd   Thumb Code     0  startup_stm32f030xc.o(.text)
    DMA1_Channel1_IRQHandler                 0x080000fd   Thumb Code     0  startup_stm32f030xc.o(.text)
    DMA1_Channel2_3_IRQHandler               0x080000fd   Thumb Code     0  startup_stm32f030xc.o(.text)
    DMA1_Channel4_5_IRQHandler               0x080000fd   Thumb Code     0  startup_stm32f030xc.o(.text)
    EXTI0_1_IRQHandler                       0x080000fd   Thumb Code     0  startup_stm32f030xc.o(.text)
    EXTI2_3_IRQHandler                       0x080000fd   Thumb Code     0  startup_stm32f030xc.o(.text)
    FLASH_IRQHandler                         0x080000fd   Thumb Code     0  startup_stm32f030xc.o(.text)
    I2C1_IRQHandler                          0x080000fd   Thumb Code     0  startup_stm32f030xc.o(.text)
    I2C2_IRQHandler                          0x080000fd   Thumb Code     0  startup_stm32f030xc.o(.text)
    RCC_IRQHandler                           0x080000fd   Thumb Code     0  startup_stm32f030xc.o(.text)
    RTC_IRQHandler                           0x080000fd   Thumb Code     0  startup_stm32f030xc.o(.text)
    SPI1_IRQHandler                          0x080000fd   Thumb Code     0  startup_stm32f030xc.o(.text)
    SPI2_IRQHandler                          0x080000fd   Thumb Code     0  startup_stm32f030xc.o(.text)
    TIM14_IRQHandler                         0x080000fd   Thumb Code     0  startup_stm32f030xc.o(.text)
    TIM15_IRQHandler                         0x080000fd   Thumb Code     0  startup_stm32f030xc.o(.text)
    TIM16_IRQHandler                         0x080000fd   Thumb Code     0  startup_stm32f030xc.o(.text)
    TIM17_IRQHandler                         0x080000fd   Thumb Code     0  startup_stm32f030xc.o(.text)
    TIM1_CC_IRQHandler                       0x080000fd   Thumb Code     0  startup_stm32f030xc.o(.text)
    TIM6_IRQHandler                          0x080000fd   Thumb Code     0  startup_stm32f030xc.o(.text)
    TIM7_IRQHandler                          0x080000fd   Thumb Code     0  startup_stm32f030xc.o(.text)
    USART1_IRQHandler                        0x080000fd   Thumb Code     0  startup_stm32f030xc.o(.text)
    WWDG_IRQHandler                          0x080000fd   Thumb Code     0  startup_stm32f030xc.o(.text)
    __aeabi_uidiv                            0x08000125   Thumb Code     0  uidiv.o(.text)
    __aeabi_uidivmod                         0x08000125   Thumb Code    44  uidiv.o(.text)
    __aeabi_idiv                             0x08000151   Thumb Code     0  idiv.o(.text)
    __aeabi_idivmod                          0x08000151   Thumb Code    40  idiv.o(.text)
    __aeabi_memcpy                           0x08000179   Thumb Code    36  memcpya.o(.text)
    __aeabi_memcpy4                          0x08000179   Thumb Code     0  memcpya.o(.text)
    __aeabi_memcpy8                          0x08000179   Thumb Code     0  memcpya.o(.text)
    __aeabi_memset                           0x0800019d   Thumb Code    14  memseta.o(.text)
    __aeabi_memset4                          0x0800019d   Thumb Code     0  memseta.o(.text)
    __aeabi_memset8                          0x0800019d   Thumb Code     0  memseta.o(.text)
    __aeabi_memclr                           0x080001ab   Thumb Code     4  memseta.o(.text)
    __aeabi_memclr4                          0x080001ab   Thumb Code     0  memseta.o(.text)
    __aeabi_memclr8                          0x080001ab   Thumb Code     0  memseta.o(.text)
    _memset$wrapper                          0x080001af   Thumb Code    18  memseta.o(.text)
    memcmp                                   0x080001c1   Thumb Code    26  memcmp.o(.text)
    __scatterload                            0x080001dd   Thumb Code    28  init.o(.text)
    __scatterload_rt2                        0x080001dd   Thumb Code     0  init.o(.text)
    EXTI4_15_IRQHandler                      0x08000351   Thumb Code    26  nrf24l01.o(i.EXTI4_15_IRQHandler)
    EXTI_ClearITPendingBit                   0x08000371   Thumb Code     6  stm32f0xx_exti.o(i.EXTI_ClearITPendingBit)
    EXTI_GetITStatus                         0x0800037d   Thumb Code    22  stm32f0xx_exti.o(i.EXTI_GetITStatus)
    EXTI_Init                                0x08000399   Thumb Code   132  stm32f0xx_exti.o(i.EXTI_Init)
    FD_Card                                  0x08000421   Thumb Code     8  rc522.o(i.FD_Card)
    FLASH_ClearFlag                          0x08000429   Thumb Code     6  stm32f0xx_flash.o(i.FLASH_ClearFlag)
    FLASH_ErasePage                          0x08000435   Thumb Code    72  stm32f0xx_flash.o(i.FLASH_ErasePage)
    FLASH_GetStatus                          0x08000481   Thumb Code    54  stm32f0xx_flash.o(i.FLASH_GetStatus)
    FLASH_Lock                               0x080004bd   Thumb Code    14  stm32f0xx_flash.o(i.FLASH_Lock)
    FLASH_ProgramWord                        0x080004d1   Thumb Code   104  stm32f0xx_flash.o(i.FLASH_ProgramWord)
    FLASH_Unlock                             0x0800053d   Thumb Code    24  stm32f0xx_flash.o(i.FLASH_Unlock)
    FLASH_WaitForLastOperation               0x08000561   Thumb Code    40  stm32f0xx_flash.o(i.FLASH_WaitForLastOperation)
    GPIO_Init                                0x08000589   Thumb Code   144  stm32f0xx_gpio.o(i.GPIO_Init)
    GPIO_PinAFConfig                         0x08000619   Thumb Code    68  stm32f0xx_gpio.o(i.GPIO_PinAFConfig)
    GPIO_ReadInputDataBit                    0x0800065d   Thumb Code    20  stm32f0xx_gpio.o(i.GPIO_ReadInputDataBit)
    GPIO_ResetBits                           0x08000671   Thumb Code     4  stm32f0xx_gpio.o(i.GPIO_ResetBits)
    GPIO_SetBits                             0x08000675   Thumb Code     4  stm32f0xx_gpio.o(i.GPIO_SetBits)
    NRF_Rx_Dat                               0x08000725   Thumb Code    66  nrf24l01.o(i.NRF_Rx_Dat)
    NVIC_Init                                0x08000769   Thumb Code   106  stm32f0xx_misc.o(i.NVIC_Init)
    OSTimeDly                                0x080007d9   Thumb Code   124  io.o(i.OSTimeDly)
    Port_Init                                0x08000b89   Thumb Code    56  io.o(i.Port_Init)
    RC522_Init                               0x08000bd5   Thumb Code    28  rc522.o(i.RC522_Init)
    RCC_AHBPeriphClockCmd                    0x08000bf1   Thumb Code    28  stm32f0xx_rcc.o(i.RCC_AHBPeriphClockCmd)
    RCC_APB1PeriphClockCmd                   0x08000c11   Thumb Code    28  stm32f0xx_rcc.o(i.RCC_APB1PeriphClockCmd)
    RCC_APB2PeriphClockCmd                   0x08000c31   Thumb Code    28  stm32f0xx_rcc.o(i.RCC_APB2PeriphClockCmd)
    RCC_GetClocksFreq                        0x08000c51   Thumb Code   554  stm32f0xx_rcc.o(i.RCC_GetClocksFreq)
    RS485_Init                               0x08000edd   Thumb Code    52  uart.o(i.RS485_Init)
    SPI_Cmd                                  0x08001131   Thumb Code    24  stm32f0xx_spi.o(i.SPI_Cmd)
    SPI_I2S_GetFlagStatus                    0x0800114d   Thumb Code    20  stm32f0xx_spi.o(i.SPI_I2S_GetFlagStatus)
    SPI_Init                                 0x08001161   Thumb Code    76  stm32f0xx_spi.o(i.SPI_Init)
    SPI_NRF_Init                             0x080011b9   Thumb Code    42  nrf24l01.o(i.SPI_NRF_Init)
    SPI_ReceiveData8                         0x080012c9   Thumb Code    12  stm32f0xx_spi.o(i.SPI_ReceiveData8)
    SPI_RxFIFOThresholdConfig                0x080012d5   Thumb Code    16  stm32f0xx_spi.o(i.SPI_RxFIFOThresholdConfig)
    SPI_SendData8                            0x080012e9   Thumb Code    10  stm32f0xx_spi.o(i.SPI_SendData8)
    SYSCFG_EXTILineConfig                    0x080012f5   Thumb Code    60  stm32f0xx_syscfg.o(i.SYSCFG_EXTILineConfig)
    SystemInit                               0x08001429   Thumb Code   110  system_stm32f0xx.o(i.SystemInit)
    System_Init                              0x080014a5   Thumb Code    28  main.o(i.System_Init)
    TIM1_BRK_UP_TRG_COM_IRQHandler           0x080014c1   Thumb Code    28  timer.o(i.TIM1_BRK_UP_TRG_COM_IRQHandler)
    TIM1_Config                              0x080014e1   Thumb Code   226  timer.o(i.TIM1_Config)
    TIM3_Config                              0x080015d1   Thumb Code    50  timer.o(i.TIM3_Config)
    TIM3_IRQHandler                          0x0800162d   Thumb Code    72  timer.o(i.TIM3_IRQHandler)
    TIM_ClearITPendingBit                    0x08001689   Thumb Code     6  stm32f0xx_tim.o(i.TIM_ClearITPendingBit)
    TIM_Cmd                                  0x08001691   Thumb Code    24  stm32f0xx_tim.o(i.TIM_Cmd)
    TIM_CtrlPWMOutputs                       0x080016ad   Thumb Code    34  stm32f0xx_tim.o(i.TIM_CtrlPWMOutputs)
    TIM_GetITStatus                          0x080016cf   Thumb Code    38  stm32f0xx_tim.o(i.TIM_GetITStatus)
    TIM_ITConfig                             0x080016f5   Thumb Code    20  stm32f0xx_tim.o(i.TIM_ITConfig)
    TIM_OC1Init                              0x08001709   Thumb Code   122  stm32f0xx_tim.o(i.TIM_OC1Init)
    TIM_TimeBaseInit                         0x0800179d   Thumb Code    90  stm32f0xx_tim.o(i.TIM_TimeBaseInit)
    UART_TTL_Init                            0x08001819   Thumb Code     8  uart.o(i.UART_TTL_Init)
    UART_TTL_SendString                      0x08001821   Thumb Code    16  uart.o(i.UART_TTL_SendString)
    USART2_IRQHandler                        0x080018c9   Thumb Code    32  uart.o(i.USART2_IRQHandler)
    USART3_6_IRQHandler                      0x0800192d   Thumb Code    32  uart.o(i.USART3_6_IRQHandler)
    USART_Cmd                                0x080019ed   Thumb Code    24  stm32f0xx_usart.o(i.USART_Cmd)
    USART_GetFlagStatus                      0x08001a05   Thumb Code    20  stm32f0xx_usart.o(i.USART_GetFlagStatus)
    USART_GetITStatus                        0x08001a19   Thumb Code    78  stm32f0xx_usart.o(i.USART_GetITStatus)
    USART_ITConfig                           0x08001a67   Thumb Code    66  stm32f0xx_usart.o(i.USART_ITConfig)
    USART_Init                               0x08001aa9   Thumb Code   226  stm32f0xx_usart.o(i.USART_Init)
    USART_ReceiveData                        0x08001ba1   Thumb Code    10  stm32f0xx_usart.o(i.USART_ReceiveData)
    USART_SendData                           0x08001bab   Thumb Code     8  stm32f0xx_usart.o(i.USART_SendData)
    __scatterload_copy                       0x08001be3   Thumb Code    14  handlers.o(i.__scatterload_copy)
    __scatterload_null                       0x08001bf1   Thumb Code     2  handlers.o(i.__scatterload_null)
    __scatterload_zeroinit                   0x08001bf3   Thumb Code    14  handlers.o(i.__scatterload_zeroinit)
    chSig125ksendDataString                  0x08001c01   Thumb Code   298  rf125k.o(i.chSig125ksendDataString)
    crc16                                    0x08001d31   Thumb Code    24  tool.o(i.crc16)
    main                                     0x08001d49   Thumb Code    52  main.o(i.main)
    nDevCfgEnableBeepFlg                     0x08001d81   Thumb Code    34  devcfg.o(i.nDevCfgEnableBeepFlg)
    nDevCfgGenAckPack                        0x08001da9   Thumb Code    40  devcfg.o(i.nDevCfgGenAckPack)
    nDevCfgGetRecvAddr                       0x08001dd1   Thumb Code    30  devcfg.o(i.nDevCfgGetRecvAddr)
    nDevCfgGetRepSndIdInterval               0x08001df5   Thumb Code    10  devcfg.o(i.nDevCfgGetRepSndIdInterval)
    nDevCfgGetRfFreq                         0x08001e05   Thumb Code    14  devcfg.o(i.nDevCfgGetRfFreq)
    nDevCfgLoadCfgParaFromFlash              0x08001e19   Thumb Code   228  devcfg.o(i.nDevCfgLoadCfgParaFromFlash)
    nDevCfgSaveParaToFlash                   0x08001f01   Thumb Code    64  devcfg.o(i.nDevCfgSaveParaToFlash)
    nDevCfgSetAckPayload                     0x08001f45   Thumb Code    48  devcfg.o(i.nDevCfgSetAckPayload)
    nDevCfgSetDefaultPara                    0x08001f79   Thumb Code   200  devcfg.o(i.nDevCfgSetDefaultPara)
    nDevCfgSetDevAddr                        0x08002045   Thumb Code    22  devcfg.o(i.nDevCfgSetDevAddr)
    nDevCfgSetDevType                        0x08002061   Thumb Code    22  devcfg.o(i.nDevCfgSetDevType)
    nDevCfgSetLossValue                      0x0800207d   Thumb Code    24  devcfg.o(i.nDevCfgSetLossValue)
    nDevCfgSetReadCardMode                   0x08002099   Thumb Code     6  devcfg.o(i.nDevCfgSetReadCardMode)
    nDevCfgSetRecvAddr                       0x080020a1   Thumb Code    52  devcfg.o(i.nDevCfgSetRecvAddr)
    nDevCfgSetRepSndIdInterval               0x080020d9   Thumb Code    30  devcfg.o(i.nDevCfgSetRepSndIdInterval)
    nDevCfgSetRfFreq                         0x080020fd   Thumb Code    62  devcfg.o(i.nDevCfgSetRfFreq)
    nDevCfgSetTranPower                      0x08002141   Thumb Code    54  devcfg.o(i.nDevCfgSetTranPower)
    nDevCfgSetTranSpeed                      0x0800217d   Thumb Code    56  devcfg.o(i.nDevCfgSetTranSpeed)
    nDevCfgSetTriggerActiveFlg               0x080021b9   Thumb Code    36  devcfg.o(i.nDevCfgSetTriggerActiveFlg)
    nDevCfgSetTriggerDistance                0x080021e1   Thumb Code    36  devcfg.o(i.nDevCfgSetTriggerDistance)
    nDevCfgSetTriggerDuty                    0x08002209   Thumb Code    46  devcfg.o(i.nDevCfgSetTriggerDuty)
    nDevCfgSetTriggerInOutInterval           0x0800223d   Thumb Code    22  devcfg.o(i.nDevCfgSetTriggerInOutInterval)
    nDevCfgSetTriggerInterval                0x08002259   Thumb Code    22  devcfg.o(i.nDevCfgSetTriggerInterval)
    nDevCfgSetTriggerLowFreq                 0x08002275   Thumb Code    32  devcfg.o(i.nDevCfgSetTriggerLowFreq)
    nDevCfgSetTriggerMode                    0x08002299   Thumb Code    44  devcfg.o(i.nDevCfgSetTriggerMode)
    nDevCfgSetTriggerSubAddr                 0x080022c9   Thumb Code    22  devcfg.o(i.nDevCfgSetTriggerSubAddr)
    nDevCfgSetUartBaud                       0x080022e5   Thumb Code    56  devcfg.o(i.nDevCfgSetUartBaud)
    nDevCfgSetUartOutputIdMode               0x08002321   Thumb Code    34  devcfg.o(i.nDevCfgSetUartOutputIdMode)
    nDevCfgSetWgMode                         0x08002349   Thumb Code    54  devcfg.o(i.nDevCfgSetWgMode)
    nNrfInit                                 0x08002385   Thumb Code    98  nrf24l01.o(i.nNrfInit)
    nNrfSetOperationMode                     0x080023f1   Thumb Code    32  nrf24l01.o(i.nNrfSetOperationMode)
    nNrfSetRxPipeAddr                        0x08002435   Thumb Code    42  nrf24l01.o(i.nNrfSetRxPipeAddr)
    nReadCfgParaFromFlash                    0x08002471   Thumb Code    26  flash.o(i.nReadCfgParaFromFlash)
    nSaveCfgParaToFlash                      0x08002491   Thumb Code   190  flash.o(i.nSaveCfgParaToFlash)
    uchDevCfgGetDevType                      0x080026c1   Thumb Code     6  devcfg.o(i.uchDevCfgGetDevType)
    uchDevCfgGetTriggerDuty                  0x080026cd   Thumb Code     6  devcfg.o(i.uchDevCfgGetTriggerDuty)
    uchDevCfgGetTriggerMode                  0x080026d9   Thumb Code     6  devcfg.o(i.uchDevCfgGetTriggerMode)
    uchDevCfgGetTriggerSubAddr               0x080026e5   Thumb Code     6  devcfg.o(i.uchDevCfgGetTriggerSubAddr)
    vLed_Init                                0x08002701   Thumb Code    72  io.o(i.vLed_Init)
    vNrfSetFreq                              0x080029af   Thumb Code    18  nrf24l01.o(i.vNrfSetFreq)
    vNrfSetTranPower                         0x080029ef   Thumb Code    36  nrf24l01.o(i.vNrfSetTranPower)
    vNrfSetTranSpeed                         0x08002a13   Thumb Code    84  nrf24l01.o(i.vNrfSetTranSpeed)
    vPwmIrq                                  0x08002a69   Thumb Code   112  rf125k.o(i.vPwmIrq)
    vSig125kInit                             0x08002bbd   Thumb Code    26  rf125k.o(i.vSig125kInit)
    vSig125kSndTask                          0x08002c1d   Thumb Code   162  rf125k.o(i.vSig125kSndTask)
    Region$$Table$$Base                      0x08002f00   Number         0  anon$$obj.o(Region$$Table)
    Region$$Table$$Limit                     0x08002f20   Number         0  anon$$obj.o(Region$$Table)
    Tx_Buffer                                0x20000000   Data           8  main.o(.data)
    EraseCounter                             0x20000018   Data           4  flash.o(.data)
    Address                                  0x2000001c   Data           4  flash.o(.data)
    ulSysTick                                0x20000020   Data           4  io.o(.data)
    g_stAirFrameMsg                          0x20000038   Data           8  rf125k.o(.data)
    g_uchIsTriggerLowSignal                  0x20000040   Data           1  rf125k.o(.data)
    g_ulNrfEnableTick                        0x20000044   Data           4  rf125k.o(.data)
    g_uchPwm1OptFlg                          0x20000048   Data           1  rf125k.o(.data)
    g_unPwm1CyclesTick                       0x2000004c   Data           4  rf125k.o(.data)
    g_uchPwm2OptFlg                          0x20000050   Data           1  rf125k.o(.data)
    g_unPwm2CyclesTick                       0x20000054   Data           4  rf125k.o(.data)
    SystemCoreClock                          0x2000005c   Data           4  system_stm32f0xx.o(.data)
    AHBPrescTable                            0x20000060   Data          16  system_stm32f0xx.o(.data)
    g_stDevCfgPara                           0x20000070   Data          76  devcfg.o(.bss)
    pstAddr                                  0x200000bc   Data          16  nrf24l01.o(.bss)
    nrf_rx_inf                               0x200000cc   Data          34  nrf24l01.o(.bss)
    card_inf                                 0x200000ee   Data          56  rc522.o(.bss)
    __initial_sp                             0x20000528   Data           0  startup_stm32f030xc.o(STACK)



==============================================================================

Memory Map of the image

  Image Entry point : 0x080000b9

  Load Region LR_IROM1 (Base: 0x08000000, Size: 0x00002f90, Max: 0x00040000, ABSOLUTE)

    Execution Region ER_IROM1 (Base: 0x08000000, Size: 0x00002f20, Max: 0x00040000, ABSOLUTE)

    Base Addr    Size         Type   Attr      Idx    E Section Name        Object

    0x08000000   0x000000b8   Data   RO         3040    RESET               startup_stm32f030xc.o
    0x080000b8   0x00000000   Code   RO         3045  * .ARM.Collect$$$$00000000  mc_p.l(entry.o)
    0x080000b8   0x00000004   Code   RO         3321    .ARM.Collect$$$$00000001  mc_p.l(entry2.o)
    0x080000bc   0x00000004   Code   RO         3324    .ARM.Collect$$$$00000004  mc_p.l(entry5.o)
    0x080000c0   0x00000000   Code   RO         3326    .ARM.Collect$$$$00000008  mc_p.l(entry7b.o)
    0x080000c0   0x00000000   Code   RO         3328    .ARM.Collect$$$$0000000A  mc_p.l(entry8b.o)
    0x080000c0   0x00000008   Code   RO         3329    .ARM.Collect$$$$0000000B  mc_p.l(entry9a.o)
    0x080000c8   0x00000000   Code   RO         3331    .ARM.Collect$$$$0000000D  mc_p.l(entry10a.o)
    0x080000c8   0x00000000   Code   RO         3333    .ARM.Collect$$$$0000000F  mc_p.l(entry11a.o)
    0x080000c8   0x00000004   Code   RO         3322    .ARM.Collect$$$$00002712  mc_p.l(entry2.o)
    0x080000cc   0x00000058   Code   RO         3041    .text               startup_stm32f030xc.o
    0x08000124   0x0000002c   Code   RO         3048    .text               mc_p.l(uidiv.o)
    0x08000150   0x00000028   Code   RO         3050    .text               mc_p.l(idiv.o)
    0x08000178   0x00000024   Code   RO         3052    .text               mc_p.l(memcpya.o)
    0x0800019c   0x00000024   Code   RO         3054    .text               mc_p.l(memseta.o)
    0x080001c0   0x0000001a   Code   RO         3056    .text               mc_p.l(memcmp.o)
    0x080001da   0x00000002   PAD
    0x080001dc   0x00000024   Code   RO         3349    .text               mc_p.l(init.o)
    0x08000200   0x0000001c   Code   RO         2972    i.CRC16_Calc        tool.o
    0x0800021c   0x00000008   Code   RO         2973    i.CRC16_Clear       tool.o
    0x08000224   0x00000024   Code   RO         2974    i.CRC16_Get         tool.o
    0x08000248   0x00000070   Code   RO         2567    i.CalulateCRC       rc522.o
    0x080002b8   0x00000014   Code   RO         2324    i.CheckOverflowCurTick  io.o
    0x080002cc   0x0000001c   Code   RO         2568    i.ClearBitMask      rc522.o
    0x080002e8   0x00000068   Code   RO         2391    i.EXIT_NRF_Init     nrf24l01.o
    0x08000350   0x00000020   Code   RO         2392    i.EXTI4_15_IRQHandler  nrf24l01.o
    0x08000370   0x0000000c   Code   RO          156    i.EXTI_ClearITPendingBit  stm32f0xx_exti.o
    0x0800037c   0x0000001c   Code   RO          160    i.EXTI_GetITStatus  stm32f0xx_exti.o
    0x08000398   0x00000088   Code   RO          161    i.EXTI_Init         stm32f0xx_exti.o
    0x08000420   0x00000008   Code   RO         2569    i.FD_Card           rc522.o
    0x08000428   0x0000000c   Code   RO          217    i.FLASH_ClearFlag   stm32f0xx_flash.o
    0x08000434   0x0000004c   Code   RO          219    i.FLASH_ErasePage   stm32f0xx_flash.o
    0x08000480   0x0000003c   Code   RO          222    i.FLASH_GetStatus   stm32f0xx_flash.o
    0x080004bc   0x00000014   Code   RO          224    i.FLASH_Lock        stm32f0xx_flash.o
    0x080004d0   0x0000006c   Code   RO          244    i.FLASH_ProgramWord  stm32f0xx_flash.o
    0x0800053c   0x00000024   Code   RO          246    i.FLASH_Unlock      stm32f0xx_flash.o
    0x08000560   0x00000028   Code   RO          247    i.FLASH_WaitForLastOperation  stm32f0xx_flash.o
    0x08000588   0x00000090   Code   RO          418    i.GPIO_Init         stm32f0xx_gpio.o
    0x08000618   0x00000044   Code   RO          419    i.GPIO_PinAFConfig  stm32f0xx_gpio.o
    0x0800065c   0x00000014   Code   RO          422    i.GPIO_ReadInputDataBit  stm32f0xx_gpio.o
    0x08000670   0x00000004   Code   RO          425    i.GPIO_ResetBits    stm32f0xx_gpio.o
    0x08000674   0x00000004   Code   RO          426    i.GPIO_SetBits      stm32f0xx_gpio.o
    0x08000678   0x00000052   Code   RO         2570    i.M500PcdConfigISOType  rc522.o
    0x080006ca   0x00000002   PAD
    0x080006cc   0x00000058   Code   RO         2393    i.NRF_Check         nrf24l01.o
    0x08000724   0x00000042   Code   RO         2394    i.NRF_Rx_Dat        nrf24l01.o
    0x08000766   0x00000002   PAD
    0x08000768   0x00000070   Code   RO          509    i.NVIC_Init         stm32f0xx_misc.o
    0x080007d8   0x00000080   Code   RO         2327    i.OSTimeDly         io.o
    0x08000858   0x0000000c   Code   RO         2571    i.PcdAntennaOff     rc522.o
    0x08000864   0x0000007e   Code   RO         2572    i.PcdAnticoll       rc522.o
    0x080008e2   0x00000002   PAD
    0x080008e4   0x0000014c   Code   RO         2574    i.PcdComMF522       rc522.o
    0x08000a30   0x00000066   Code   RO         2577    i.PcdRequest        rc522.o
    0x08000a96   0x00000074   Code   RO         2578    i.PcdReset          rc522.o
    0x08000b0a   0x0000007e   Code   RO         2579    i.PcdSelect         rc522.o
    0x08000b88   0x00000038   Code   RO         2328    i.Port_Init         io.o
    0x08000bc0   0x00000014   Code   RO         2581    i.RC522_Delay       rc522.o
    0x08000bd4   0x0000001c   Code   RO         2582    i.RC522_Init        rc522.o
    0x08000bf0   0x00000020   Code   RO          542    i.RCC_AHBPeriphClockCmd  stm32f0xx_rcc.o
    0x08000c10   0x00000020   Code   RO          544    i.RCC_APB1PeriphClockCmd  stm32f0xx_rcc.o
    0x08000c30   0x00000020   Code   RO          546    i.RCC_APB2PeriphClockCmd  stm32f0xx_rcc.o
    0x08000c50   0x00000248   Code   RO          556    i.RCC_GetClocksFreq  stm32f0xx_rcc.o
    0x08000e98   0x00000042   Code   RO         2585    i.RE_Pcd            rc522.o
    0x08000eda   0x00000002   PAD
    0x08000edc   0x00000038   Code   RO         2820    i.RS485_Init        uart.o
    0x08000f14   0x00000034   Code   RO         2587    i.ReadRawRC         rc522.o
    0x08000f48   0x00000044   Code   RO         2588    i.SE_Card           rc522.o
    0x08000f8c   0x000000cc   Code   RO         2396    i.SPI2_Config       nrf24l01.o
    0x08001058   0x00000034   Code   RO         2397    i.SPI2_RW_Byte      nrf24l01.o
    0x0800108c   0x0000004a   Code   RO         2589    i.SPIReadByte       rc522.o
    0x080010d6   0x0000005a   Code   RO         2590    i.SPIWriteByte      rc522.o
    0x08001130   0x0000001c   Code   RO          809    i.SPI_Cmd           stm32f0xx_spi.o
    0x0800114c   0x00000014   Code   RO          818    i.SPI_I2S_GetFlagStatus  stm32f0xx_spi.o
    0x08001160   0x00000058   Code   RO          823    i.SPI_Init          stm32f0xx_spi.o
    0x080011b8   0x00000030   Code   RO         2398    i.SPI_NRF_Init      nrf24l01.o
    0x080011e8   0x00000040   Code   RO         2399    i.SPI_NRF_ReadBuf   nrf24l01.o
    0x08001228   0x00000030   Code   RO         2400    i.SPI_NRF_ReadReg   nrf24l01.o
    0x08001258   0x00000040   Code   RO         2401    i.SPI_NRF_WriteBuf  nrf24l01.o
    0x08001298   0x00000030   Code   RO         2402    i.SPI_NRF_WriteReg  nrf24l01.o
    0x080012c8   0x0000000c   Code   RO          827    i.SPI_ReceiveData8  stm32f0xx_spi.o
    0x080012d4   0x00000014   Code   RO          828    i.SPI_RxFIFOThresholdConfig  stm32f0xx_spi.o
    0x080012e8   0x0000000a   Code   RO          830    i.SPI_SendData8     stm32f0xx_spi.o
    0x080012f2   0x00000002   PAD
    0x080012f4   0x00000040   Code   RO         1007    i.SYSCFG_EXTILineConfig  stm32f0xx_syscfg.o
    0x08001334   0x0000001c   Code   RO         2591    i.SetBitMask        rc522.o
    0x08001350   0x000000d8   Code   RO         3003    i.SetSysClock       system_stm32f0xx.o
    0x08001428   0x0000007c   Code   RO         3005    i.SystemInit        system_stm32f0xx.o
    0x080014a4   0x0000001c   Code   RO            3    i.System_Init       main.o
    0x080014c0   0x00000020   Code   RO         2925    i.TIM1_BRK_UP_TRG_COM_IRQHandler  timer.o
    0x080014e0   0x000000f0   Code   RO         2926    i.TIM1_Config       timer.o
    0x080015d0   0x0000003c   Code   RO         2927    i.TIM3_Config       timer.o
    0x0800160c   0x0000001e   Code   RO         2928    i.TIM3_INT_Config   timer.o
    0x0800162a   0x00000002   PAD
    0x0800162c   0x0000005c   Code   RO         2929    i.TIM3_IRQHandler   timer.o
    0x08001688   0x00000006   Code   RO         1088    i.TIM_ClearITPendingBit  stm32f0xx_tim.o
    0x0800168e   0x00000002   PAD
    0x08001690   0x0000001c   Code   RO         1093    i.TIM_Cmd           stm32f0xx_tim.o
    0x080016ac   0x00000022   Code   RO         1095    i.TIM_CtrlPWMOutputs  stm32f0xx_tim.o
    0x080016ce   0x00000026   Code   RO         1114    i.TIM_GetITStatus   stm32f0xx_tim.o
    0x080016f4   0x00000014   Code   RO         1118    i.TIM_ITConfig      stm32f0xx_tim.o
    0x08001708   0x00000094   Code   RO         1122    i.TIM_OC1Init       stm32f0xx_tim.o
    0x0800179c   0x0000007c   Code   RO         1166    i.TIM_TimeBaseInit  stm32f0xx_tim.o
    0x08001818   0x00000008   Code   RO         2823    i.UART_TTL_Init     uart.o
    0x08001820   0x00000010   Code   RO         2825    i.UART_TTL_SendString  uart.o
    0x08001830   0x00000098   Code   RO         2826    i.USART2_Configuration  uart.o
    0x080018c8   0x00000028   Code   RO         2827    i.USART2_IRQHandler  uart.o
    0x080018f0   0x00000020   Code   RO         2828    i.USART2_SendByte   uart.o
    0x08001910   0x0000001a   Code   RO         2829    i.USART2_SendString  uart.o
    0x0800192a   0x00000002   PAD
    0x0800192c   0x00000028   Code   RO         2830    i.USART3_6_IRQHandler  uart.o
    0x08001954   0x00000098   Code   RO         2831    i.USART4_Configuration  uart.o
    0x080019ec   0x00000018   Code   RO         1652    i.USART_Cmd         stm32f0xx_usart.o
    0x08001a04   0x00000014   Code   RO         1660    i.USART_GetFlagStatus  stm32f0xx_usart.o
    0x08001a18   0x0000004e   Code   RO         1661    i.USART_GetITStatus  stm32f0xx_usart.o
    0x08001a66   0x00000042   Code   RO         1663    i.USART_ITConfig    stm32f0xx_usart.o
    0x08001aa8   0x000000f8   Code   RO         1664    i.USART_Init        stm32f0xx_usart.o
    0x08001ba0   0x0000000a   Code   RO         1676    i.USART_ReceiveData  stm32f0xx_usart.o
    0x08001baa   0x00000008   Code   RO         1681    i.USART_SendData    stm32f0xx_usart.o
    0x08001bb2   0x00000030   Code   RO         2593    i.WriteRawRC        rc522.o
    0x08001be2   0x0000000e   Code   RO         3363    i.__scatterload_copy  mc_p.l(handlers.o)
    0x08001bf0   0x00000002   Code   RO         3364    i.__scatterload_null  mc_p.l(handlers.o)
    0x08001bf2   0x0000000e   Code   RO         3365    i.__scatterload_zeroinit  mc_p.l(handlers.o)
    0x08001c00   0x00000130   Code   RO         2731    i.chSig125ksendDataString  rf125k.o
    0x08001d30   0x00000018   Code   RO         2975    i.crc16             tool.o
    0x08001d48   0x00000038   Code   RO            4    i.main              main.o
    0x08001d80   0x00000028   Code   RO         1955    i.nDevCfgEnableBeepFlg  devcfg.o
    0x08001da8   0x00000028   Code   RO         1957    i.nDevCfgGenAckPack  devcfg.o
    0x08001dd0   0x00000024   Code   RO         1960    i.nDevCfgGetRecvAddr  devcfg.o
    0x08001df4   0x00000010   Code   RO         1961    i.nDevCfgGetRepSndIdInterval  devcfg.o
    0x08001e04   0x00000014   Code   RO         1962    i.nDevCfgGetRfFreq  devcfg.o
    0x08001e18   0x000000e8   Code   RO         1968    i.nDevCfgLoadCfgParaFromFlash  devcfg.o
    0x08001f00   0x00000044   Code   RO         1970    i.nDevCfgSaveParaToFlash  devcfg.o
    0x08001f44   0x00000034   Code   RO         1971    i.nDevCfgSetAckPayload  devcfg.o
    0x08001f78   0x000000cc   Code   RO         1972    i.nDevCfgSetDefaultPara  devcfg.o
    0x08002044   0x0000001c   Code   RO         1973    i.nDevCfgSetDevAddr  devcfg.o
    0x08002060   0x0000001c   Code   RO         1974    i.nDevCfgSetDevType  devcfg.o
    0x0800207c   0x0000001c   Code   RO         1976    i.nDevCfgSetLossValue  devcfg.o
    0x08002098   0x00000006   Code   RO         1977    i.nDevCfgSetReadCardMode  devcfg.o
    0x0800209e   0x00000002   PAD
    0x080020a0   0x00000038   Code   RO         1978    i.nDevCfgSetRecvAddr  devcfg.o
    0x080020d8   0x00000024   Code   RO         1979    i.nDevCfgSetRepSndIdInterval  devcfg.o
    0x080020fc   0x00000044   Code   RO         1980    i.nDevCfgSetRfFreq  devcfg.o
    0x08002140   0x0000003c   Code   RO         1981    i.nDevCfgSetTranPower  devcfg.o
    0x0800217c   0x0000003c   Code   RO         1982    i.nDevCfgSetTranSpeed  devcfg.o
    0x080021b8   0x00000028   Code   RO         1983    i.nDevCfgSetTriggerActiveFlg  devcfg.o
    0x080021e0   0x00000028   Code   RO         1984    i.nDevCfgSetTriggerDistance  devcfg.o
    0x08002208   0x00000034   Code   RO         1985    i.nDevCfgSetTriggerDuty  devcfg.o
    0x0800223c   0x0000001c   Code   RO         1986    i.nDevCfgSetTriggerInOutInterval  devcfg.o
    0x08002258   0x0000001c   Code   RO         1987    i.nDevCfgSetTriggerInterval  devcfg.o
    0x08002274   0x00000024   Code   RO         1988    i.nDevCfgSetTriggerLowFreq  devcfg.o
    0x08002298   0x00000030   Code   RO         1989    i.nDevCfgSetTriggerMode  devcfg.o
    0x080022c8   0x0000001c   Code   RO         1990    i.nDevCfgSetTriggerSubAddr  devcfg.o
    0x080022e4   0x0000003c   Code   RO         1991    i.nDevCfgSetUartBaud  devcfg.o
    0x08002320   0x00000028   Code   RO         1992    i.nDevCfgSetUartOutputIdMode  devcfg.o
    0x08002348   0x0000003c   Code   RO         1993    i.nDevCfgSetWgMode  devcfg.o
    0x08002384   0x0000006c   Code   RO         2403    i.nNrfInit          nrf24l01.o
    0x080023f0   0x00000020   Code   RO         2404    i.nNrfSetOperationMode  nrf24l01.o
    0x08002410   0x00000024   Code   RO         2405    i.nNrfSetPowerMode  nrf24l01.o
    0x08002434   0x0000002a   Code   RO         2406    i.nNrfSetRxPipeAddr  nrf24l01.o
    0x0800245e   0x00000012   Code   RO         2407    i.nNrfSetTxAddr     nrf24l01.o
    0x08002470   0x00000020   Code   RO         2292    i.nReadCfgParaFromFlash  flash.o
    0x08002490   0x000000c8   Code   RO         2293    i.nSaveCfgParaToFlash  flash.o
    0x08002558   0x0000001a   Code   RO         2732    i.pauseCarrier      rf125k.o
    0x08002572   0x0000001a   Code   RO         2733    i.sendCarrier       rf125k.o
    0x0800258c   0x000000f0   Code   RO         2734    i.sendPattern       rf125k.o
    0x0800267c   0x00000044   Code   RO         2594    i.spi_master_init   rc522.o
    0x080026c0   0x0000000c   Code   RO         1994    i.uchDevCfgGetDevType  devcfg.o
    0x080026cc   0x0000000c   Code   RO         1997    i.uchDevCfgGetTriggerDuty  devcfg.o
    0x080026d8   0x0000000c   Code   RO         2000    i.uchDevCfgGetTriggerMode  devcfg.o
    0x080026e4   0x0000000c   Code   RO         2001    i.uchDevCfgGetTriggerSubAddr  devcfg.o
    0x080026f0   0x00000010   Code   RO         2329    i.ulGetCurTick      io.o
    0x08002700   0x00000050   Code   RO         2331    i.vLed_Init         io.o
    0x08002750   0x0000002e   Code   RO         2408    i.vNrfEnableDynamicPayloadLen  nrf24l01.o
    0x0800277e   0x0000003c   Code   RO         2409    i.vNrfEnableFeature  nrf24l01.o
    0x080027ba   0x0000004c   Code   RO         2410    i.vNrfEnableIrq     nrf24l01.o
    0x08002806   0x0000002e   Code   RO         2411    i.vNrfEnablePipeAutoAck  nrf24l01.o
    0x08002834   0x0000002e   Code   RO         2412    i.vNrfEnableRxPipe  nrf24l01.o
    0x08002862   0x00000002   PAD
    0x08002864   0x000000f8   Code   RO         2413    i.vNrfPresetEnhanceShortBurst  nrf24l01.o
    0x0800295c   0x00000020   Code   RO         2414    i.vNrfSetAddrWidth  nrf24l01.o
    0x0800297c   0x00000032   Code   RO         2415    i.vNrfSetCrcPara    nrf24l01.o
    0x080029ae   0x00000012   Code   RO         2416    i.vNrfSetFreq       nrf24l01.o
    0x080029c0   0x0000002e   Code   RO         2417    i.vNrfSetRetransmitPara  nrf24l01.o
    0x080029ee   0x00000024   Code   RO         2418    i.vNrfSetTranPower  nrf24l01.o
    0x08002a12   0x00000054   Code   RO         2419    i.vNrfSetTranSpeed  nrf24l01.o
    0x08002a66   0x00000002   PAD
    0x08002a68   0x00000084   Code   RO         2735    i.vPwmIrq           rf125k.o
    0x08002aec   0x00000038   Code   RO         2736    i.vPwmPauseCarrierAnt1  rf125k.o
    0x08002b24   0x00000038   Code   RO         2737    i.vPwmPauseCarrierAnt2  rf125k.o
    0x08002b5c   0x00000030   Code   RO         2738    i.vPwmsendCarrierAnt1  rf125k.o
    0x08002b8c   0x00000030   Code   RO         2739    i.vPwmsendCarrierAnt2  rf125k.o
    0x08002bbc   0x0000001a   Code   RO         2740    i.vSig125kInit      rf125k.o
    0x08002bd6   0x00000002   PAD
    0x08002bd8   0x00000044   Code   RO         2741    i.vSig125kSetDefaultValues  rf125k.o
    0x08002c1c   0x000000b0   Code   RO         2742    i.vSig125kSndTask   rf125k.o
    0x08002ccc   0x00000034   Code   RO         2743    i.vXYMOS_PIN_Init   rf125k.o
    0x08002d00   0x00000200   Data   RO         2976    .constdata          tool.o
    0x08002f00   0x00000020   Data   RO         3361    Region$$Table       anon$$obj.o


    Execution Region RW_IRAM1 (Base: 0x20000000, Size: 0x00000528, Max: 0x00008000, ABSOLUTE)

    Base Addr    Size         Type   Attr      Idx    E Section Name        Object

    0x20000000   0x00000008   Data   RW            5    .data               main.o
    0x20000008   0x00000010   Data   RW          582    .data               stm32f0xx_rcc.o
    0x20000018   0x00000008   Data   RW         2294    .data               flash.o
    0x20000020   0x00000004   Data   RW         2332    .data               io.o
    0x20000024   0x00000003   Data   RW         2421    .data               nrf24l01.o
    0x20000027   0x00000001   PAD
    0x20000028   0x00000031   Data   RW         2744    .data               rf125k.o
    0x20000059   0x00000003   PAD
    0x2000005c   0x00000014   Data   RW         3006    .data               system_stm32f0xx.o
    0x20000070   0x0000004c   Zero   RW         2005    .bss                devcfg.o
    0x200000bc   0x00000032   Zero   RW         2420    .bss                nrf24l01.o
    0x200000ee   0x00000038   Zero   RW         2595    .bss                rc522.o
    0x20000126   0x00000002   PAD
    0x20000128   0x00000400   Zero   RW         3038    STACK               startup_stm32f030xc.o


==============================================================================

Image component sizes


      Code (inc. data)   RO Data    RW Data    ZI Data      Debug   Object Name

      1586        162          0          0         76      24079   devcfg.o
       232         16          0          8          0       2369   flash.o
       300         22          0          4          0       2996   io.o
        84          4          0          8          0     232654   main.o
      1842         70          0          3         50      22653   nrf24l01.o
      1586         14          0          0         56      14162   rc522.o
      1258        152          0         49          0       9315   rf125k.o
        88         38        184          0       1024        656   startup_stm32f030xc.o
       176         16          0          0          0       2208   stm32f0xx_exti.o
       352         38          0          0          0       4535   stm32f0xx_flash.o
       240          0          0          0          0       3643   stm32f0xx_gpio.o
       112          6          0          0          0        996   stm32f0xx_misc.o
       680         42          0         16          0       3790   stm32f0xx_rcc.o
       178         20          0          0          0       4184   stm32f0xx_spi.o
        64          4          0          0          0        656   stm32f0xx_syscfg.o
       398         64          0          0          0       5053   stm32f0xx_tim.o
       454         22          0          0          0       5625   stm32f0xx_usart.o
       340         24          0         20          0       1761   system_stm32f0xx.o
       454         48          0          0          0       2775   timer.o
        96          4        512          0          0       2584   tool.o
       522         44          0          0          0       5037   uart.o

    ----------------------------------------------------------------------
     11066        810        728        112       1208     351731   Object Totals
         0          0         32          0          0          0   (incl. Generated)
        24          0          0          4          2          0   (incl. Padding)

    ----------------------------------------------------------------------

      Code (inc. data)   RO Data    RW Data    ZI Data      Debug   Library Member Name

         0          0          0          0          0          0   entry.o
         0          0          0          0          0          0   entry10a.o
         0          0          0          0          0          0   entry11a.o
         8          4          0          0          0          0   entry2.o
         4          0          0          0          0          0   entry5.o
         0          0          0          0          0          0   entry7b.o
         0          0          0          0          0          0   entry8b.o
         8          4          0          0          0          0   entry9a.o
        30          0          0          0          0          0   handlers.o
        40          0          0          0          0         72   idiv.o
        36          8          0          0          0         68   init.o
        26          0          0          0          0         72   memcmp.o
        36          0          0          0          0         60   memcpya.o
        36          0          0          0          0        100   memseta.o
        44          0          0          0          0         72   uidiv.o

    ----------------------------------------------------------------------
       270         16          0          0          0        444   Library Totals
         2          0          0          0          0          0   (incl. Padding)

    ----------------------------------------------------------------------

      Code (inc. data)   RO Data    RW Data    ZI Data      Debug   Library Name

       268         16          0          0          0        444   mc_p.l

    ----------------------------------------------------------------------
       270         16          0          0          0        444   Library Totals

    ----------------------------------------------------------------------

==============================================================================


      Code (inc. data)   RO Data    RW Data    ZI Data      Debug   

     11336        826        728        112       1208     345111   Grand Totals
     11336        826        728        112       1208     345111   ELF Image Totals
     11336        826        728        112          0          0   ROM Totals

==============================================================================

    Total RO  Size (Code + RO Data)                12064 (  11.78kB)
    Total RW  Size (RW Data + ZI Data)              1320 (   1.29kB)
    Total ROM Size (Code + RO Data + RW Data)      12176 (  11.89kB)

==============================================================================

